Copyright 1986-2019 Xilinx, Inc. All Rights Reserved.
--------------------------------------------------------------------------------------------------------------------------------------------------------------------------------
| Tool Version : Vivado v.2019.1 (win64) Build 2552052 Fri May 24 14:49:42 MDT 2019
| Date         : Mon May 16 18:32:00 2022
| Host         : emirasal running 64-bit major release  (build 9200)
| Command      : report_timing_summary -max_paths 10 -file top_timing_summary_routed.rpt -pb top_timing_summary_routed.pb -rpx top_timing_summary_routed.rpx -warn_on_violation
| Design       : top
| Device       : 7a100t-csg324
| Speed File   : -1  PRODUCTION 1.23 2018-06-13
--------------------------------------------------------------------------------------------------------------------------------------------------------------------------------

Timing Summary Report

------------------------------------------------------------------------------------------------
| Timer Settings
| --------------
------------------------------------------------------------------------------------------------

  Enable Multi Corner Analysis               :  Yes
  Enable Pessimism Removal                   :  Yes
  Pessimism Removal Resolution               :  Nearest Common Node
  Enable Input Delay Default Clock           :  No
  Enable Preset / Clear Arcs                 :  No
  Disable Flight Delays                      :  No
  Ignore I/O Paths                           :  No
  Timing Early Launch at Borrowing Latches   :  No
  Borrow Time for Max Delay Exceptions       :  Yes

  Corner  Analyze    Analyze    
  Name    Max Paths  Min Paths  
  ------  ---------  ---------  
  Slow    Yes        Yes        
  Fast    Yes        Yes        



check_timing report

Table of Contents
-----------------
1. checking no_clock
2. checking constant_clock
3. checking pulse_width_clock
4. checking unconstrained_internal_endpoints
5. checking no_input_delay
6. checking no_output_delay
7. checking multiple_clock
8. checking generated_clocks
9. checking loops
10. checking partial_input_delay
11. checking partial_output_delay
12. checking latch_loops

1. checking no_clock
--------------------
 There are 2 register/latch pins with no clock driven by root clock pin: mydivider/cnt_reg[17]/Q (HIGH)

 There are 8 register/latch pins with no clock driven by root clock pin: mydivider/cnt_reg[25]/Q (HIGH)


2. checking constant_clock
--------------------------
 There are 0 register/latch pins with constant_clock.


3. checking pulse_width_clock
-----------------------------
 There are 0 register/latch pins which need pulse_width check


4. checking unconstrained_internal_endpoints
--------------------------------------------
 There are 20 pins that are not constrained for maximum delay. (HIGH)

 There are 0 pins that are not constrained for maximum delay due to constant clock.


5. checking no_input_delay
--------------------------
 There is 1 input port with no input delay specified. (HIGH)

 There are 0 input ports with no input delay but user has a false path constraint.


6. checking no_output_delay
---------------------------
 There are 11 ports with no output delay specified. (HIGH)

 There are 0 ports with no output delay but user has a false path constraint

 There are 0 ports with no output delay but with a timing clock defined on it or propagating through it


7. checking multiple_clock
--------------------------
 There are 0 register/latch pins with multiple clocks.


8. checking generated_clocks
----------------------------
 There are 0 generated clocks that are not connected to a clock source.


9. checking loops
-----------------
 There are 0 combinational loops in the design.


10. checking partial_input_delay
--------------------------------
 There are 0 input ports with partial input delay specified.


11. checking partial_output_delay
---------------------------------
 There are 0 ports with partial output delay specified.


12. checking latch_loops
------------------------
 There are 0 combinational latch loops in the design through latch input



------------------------------------------------------------------------------------------------
| Design Timing Summary
| ---------------------
------------------------------------------------------------------------------------------------

    WNS(ns)      TNS(ns)  TNS Failing Endpoints  TNS Total Endpoints      WHS(ns)      THS(ns)  THS Failing Endpoints  THS Total Endpoints     WPWS(ns)     TPWS(ns)  TPWS Failing Endpoints  TPWS Total Endpoints  
    -------      -------  ---------------------  -------------------      -------      -------  ---------------------  -------------------     --------     --------  ----------------------  --------------------  
      7.144        0.000                      0                   26        0.324        0.000                      0                   26        4.500        0.000                       0                    27  


All user specified timing constraints are met.


------------------------------------------------------------------------------------------------
| Clock Summary
| -------------
------------------------------------------------------------------------------------------------

Clock  Waveform(ns)       Period(ns)      Frequency(MHz)
-----  ------------       ----------      --------------
clk    {0.000 5.000}      10.000          100.000         


------------------------------------------------------------------------------------------------
| Intra Clock Table
| -----------------
------------------------------------------------------------------------------------------------

Clock             WNS(ns)      TNS(ns)  TNS Failing Endpoints  TNS Total Endpoints      WHS(ns)      THS(ns)  THS Failing Endpoints  THS Total Endpoints     WPWS(ns)     TPWS(ns)  TPWS Failing Endpoints  TPWS Total Endpoints  
-----             -------      -------  ---------------------  -------------------      -------      -------  ---------------------  -------------------     --------     --------  ----------------------  --------------------  
clk                 7.144        0.000                      0                   26        0.324        0.000                      0                   26        4.500        0.000                       0                    27  


------------------------------------------------------------------------------------------------
| Inter Clock Table
| -----------------
------------------------------------------------------------------------------------------------

From Clock    To Clock          WNS(ns)      TNS(ns)  TNS Failing Endpoints  TNS Total Endpoints      WHS(ns)      THS(ns)  THS Failing Endpoints  THS Total Endpoints  
----------    --------          -------      -------  ---------------------  -------------------      -------      -------  ---------------------  -------------------  


------------------------------------------------------------------------------------------------
| Other Path Groups Table
| -----------------------
------------------------------------------------------------------------------------------------

Path Group    From Clock    To Clock          WNS(ns)      TNS(ns)  TNS Failing Endpoints  TNS Total Endpoints      WHS(ns)      THS(ns)  THS Failing Endpoints  THS Total Endpoints  
----------    ----------    --------          -------      -------  ---------------------  -------------------      -------      -------  ---------------------  -------------------  


------------------------------------------------------------------------------------------------
| Timing Details
| --------------
------------------------------------------------------------------------------------------------


---------------------------------------------------------------------------------------------------
From Clock:  clk
  To Clock:  clk

Setup :            0  Failing Endpoints,  Worst Slack        7.144ns,  Total Violation        0.000ns
Hold  :            0  Failing Endpoints,  Worst Slack        0.324ns,  Total Violation        0.000ns
PW    :            0  Failing Endpoints,  Worst Slack        4.500ns,  Total Violation        0.000ns
---------------------------------------------------------------------------------------------------


Max Delay Paths
--------------------------------------------------------------------------------------
Slack (MET) :             7.144ns  (required time - arrival time)
  Source:                 mydivider/cnt_reg[17]/C
                            (rising edge-triggered cell FDCE clocked by clk  {rise@0.000ns fall@5.000ns period=10.000ns})
  Destination:            mydivider/cnt_reg[25]/D
                            (rising edge-triggered cell FDCE clocked by clk  {rise@0.000ns fall@5.000ns period=10.000ns})
  Path Group:             clk
  Path Type:              Setup (Max at Slow Process Corner)
  Requirement:            10.000ns  (clk rise@10.000ns - clk rise@0.000ns)
  Data Path Delay:        2.857ns  (logic 1.578ns (55.228%)  route 1.279ns (44.772%))
  Logic Levels:           3  (CARRY4=3)
  Clock Path Skew:        -0.025ns (DCD - SCD + CPR)
    Destination Clock Delay (DCD):    5.011ns = ( 15.011 - 10.000 ) 
    Source Clock Delay      (SCD):    5.311ns
    Clock Pessimism Removal (CPR):    0.275ns
  Clock Uncertainty:      0.035ns  ((TSJ^2 + TIJ^2)^1/2 + DJ) / 2 + PE
    Total System Jitter     (TSJ):    0.071ns
    Total Input Jitter      (TIJ):    0.000ns
    Discrete Jitter          (DJ):    0.000ns
    Phase Error              (PE):    0.000ns

    Location             Delay type                Incr(ns)  Path(ns)    Netlist Resource(s)
  -------------------------------------------------------------------    -------------------
                         (clock clk rise edge)        0.000     0.000 r  
    E3                                                0.000     0.000 r  CLK100MHZ (IN)
                         net (fo=0)                   0.000     0.000    CLK100MHZ
    E3                   IBUF (Prop_ibuf_I_O)         1.482     1.482 r  CLK100MHZ_IBUF_inst/O
                         net (fo=1, routed)           2.025     3.506    CLK100MHZ_IBUF
    BUFGCTRL_X0Y16       BUFG (Prop_bufg_I_O)         0.096     3.602 r  CLK100MHZ_IBUF_BUFG_inst/O
                         net (fo=26, routed)          1.709     5.311    mydivider/clk
    SLICE_X0Y104         FDCE                                         r  mydivider/cnt_reg[17]/C
  -------------------------------------------------------------------    -------------------
    SLICE_X0Y104         FDCE (Prop_fdce_C_Q)         0.456     5.767 r  mydivider/cnt_reg[17]/Q
                         net (fo=3, routed)           1.279     7.047    mydivider/out[0]
    SLICE_X0Y104         CARRY4 (Prop_carry4_S[1]_CO[3])
                                                      0.674     7.721 r  mydivider/cnt_reg[16]_i_1/CO[3]
                         net (fo=1, routed)           0.000     7.721    mydivider/cnt_reg[16]_i_1_n_0
    SLICE_X0Y105         CARRY4 (Prop_carry4_CI_CO[3])
                                                      0.114     7.835 r  mydivider/cnt_reg[20]_i_1/CO[3]
                         net (fo=1, routed)           0.000     7.835    mydivider/cnt_reg[20]_i_1_n_0
    SLICE_X0Y106         CARRY4 (Prop_carry4_CI_O[1])
                                                      0.334     8.169 r  mydivider/cnt_reg[24]_i_1/O[1]
                         net (fo=1, routed)           0.000     8.169    mydivider/cnt_reg[24]_i_1_n_6
    SLICE_X0Y106         FDCE                                         r  mydivider/cnt_reg[25]/D
  -------------------------------------------------------------------    -------------------

                         (clock clk rise edge)       10.000    10.000 r  
    E3                                                0.000    10.000 r  CLK100MHZ (IN)
                         net (fo=0)                   0.000    10.000    CLK100MHZ
    E3                   IBUF (Prop_ibuf_I_O)         1.411    11.411 r  CLK100MHZ_IBUF_inst/O
                         net (fo=1, routed)           1.920    13.331    CLK100MHZ_IBUF
    BUFGCTRL_X0Y16       BUFG (Prop_bufg_I_O)         0.091    13.422 r  CLK100MHZ_IBUF_BUFG_inst/O
                         net (fo=26, routed)          1.589    15.011    mydivider/clk
    SLICE_X0Y106         FDCE                                         r  mydivider/cnt_reg[25]/C
                         clock pessimism              0.275    15.286    
                         clock uncertainty           -0.035    15.251    
    SLICE_X0Y106         FDCE (Setup_fdce_C_D)        0.062    15.313    mydivider/cnt_reg[25]
  -------------------------------------------------------------------
                         required time                         15.313    
                         arrival time                          -8.169    
  -------------------------------------------------------------------
                         slack                                  7.144    

Slack (MET) :             7.255ns  (required time - arrival time)
  Source:                 mydivider/cnt_reg[17]/C
                            (rising edge-triggered cell FDCE clocked by clk  {rise@0.000ns fall@5.000ns period=10.000ns})
  Destination:            mydivider/cnt_reg[24]/D
                            (rising edge-triggered cell FDCE clocked by clk  {rise@0.000ns fall@5.000ns period=10.000ns})
  Path Group:             clk
  Path Type:              Setup (Max at Slow Process Corner)
  Requirement:            10.000ns  (clk rise@10.000ns - clk rise@0.000ns)
  Data Path Delay:        2.746ns  (logic 1.467ns (53.418%)  route 1.279ns (46.581%))
  Logic Levels:           3  (CARRY4=3)
  Clock Path Skew:        -0.025ns (DCD - SCD + CPR)
    Destination Clock Delay (DCD):    5.011ns = ( 15.011 - 10.000 ) 
    Source Clock Delay      (SCD):    5.311ns
    Clock Pessimism Removal (CPR):    0.275ns
  Clock Uncertainty:      0.035ns  ((TSJ^2 + TIJ^2)^1/2 + DJ) / 2 + PE
    Total System Jitter     (TSJ):    0.071ns
    Total Input Jitter      (TIJ):    0.000ns
    Discrete Jitter          (DJ):    0.000ns
    Phase Error              (PE):    0.000ns

    Location             Delay type                Incr(ns)  Path(ns)    Netlist Resource(s)
  -------------------------------------------------------------------    -------------------
                         (clock clk rise edge)        0.000     0.000 r  
    E3                                                0.000     0.000 r  CLK100MHZ (IN)
                         net (fo=0)                   0.000     0.000    CLK100MHZ
    E3                   IBUF (Prop_ibuf_I_O)         1.482     1.482 r  CLK100MHZ_IBUF_inst/O
                         net (fo=1, routed)           2.025     3.506    CLK100MHZ_IBUF
    BUFGCTRL_X0Y16       BUFG (Prop_bufg_I_O)         0.096     3.602 r  CLK100MHZ_IBUF_BUFG_inst/O
                         net (fo=26, routed)          1.709     5.311    mydivider/clk
    SLICE_X0Y104         FDCE                                         r  mydivider/cnt_reg[17]/C
  -------------------------------------------------------------------    -------------------
    SLICE_X0Y104         FDCE (Prop_fdce_C_Q)         0.456     5.767 r  mydivider/cnt_reg[17]/Q
                         net (fo=3, routed)           1.279     7.047    mydivider/out[0]
    SLICE_X0Y104         CARRY4 (Prop_carry4_S[1]_CO[3])
                                                      0.674     7.721 r  mydivider/cnt_reg[16]_i_1/CO[3]
                         net (fo=1, routed)           0.000     7.721    mydivider/cnt_reg[16]_i_1_n_0
    SLICE_X0Y105         CARRY4 (Prop_carry4_CI_CO[3])
                                                      0.114     7.835 r  mydivider/cnt_reg[20]_i_1/CO[3]
                         net (fo=1, routed)           0.000     7.835    mydivider/cnt_reg[20]_i_1_n_0
    SLICE_X0Y106         CARRY4 (Prop_carry4_CI_O[0])
                                                      0.223     8.058 r  mydivider/cnt_reg[24]_i_1/O[0]
                         net (fo=1, routed)           0.000     8.058    mydivider/cnt_reg[24]_i_1_n_7
    SLICE_X0Y106         FDCE                                         r  mydivider/cnt_reg[24]/D
  -------------------------------------------------------------------    -------------------

                         (clock clk rise edge)       10.000    10.000 r  
    E3                                                0.000    10.000 r  CLK100MHZ (IN)
                         net (fo=0)                   0.000    10.000    CLK100MHZ
    E3                   IBUF (Prop_ibuf_I_O)         1.411    11.411 r  CLK100MHZ_IBUF_inst/O
                         net (fo=1, routed)           1.920    13.331    CLK100MHZ_IBUF
    BUFGCTRL_X0Y16       BUFG (Prop_bufg_I_O)         0.091    13.422 r  CLK100MHZ_IBUF_BUFG_inst/O
                         net (fo=26, routed)          1.589    15.011    mydivider/clk
    SLICE_X0Y106         FDCE                                         r  mydivider/cnt_reg[24]/C
                         clock pessimism              0.275    15.286    
                         clock uncertainty           -0.035    15.251    
    SLICE_X0Y106         FDCE (Setup_fdce_C_D)        0.062    15.313    mydivider/cnt_reg[24]
  -------------------------------------------------------------------
                         required time                         15.313    
                         arrival time                          -8.058    
  -------------------------------------------------------------------
                         slack                                  7.255    

Slack (MET) :             7.258ns  (required time - arrival time)
  Source:                 mydivider/cnt_reg[17]/C
                            (rising edge-triggered cell FDCE clocked by clk  {rise@0.000ns fall@5.000ns period=10.000ns})
  Destination:            mydivider/cnt_reg[21]/D
                            (rising edge-triggered cell FDCE clocked by clk  {rise@0.000ns fall@5.000ns period=10.000ns})
  Path Group:             clk
  Path Type:              Setup (Max at Slow Process Corner)
  Requirement:            10.000ns  (clk rise@10.000ns - clk rise@0.000ns)
  Data Path Delay:        2.743ns  (logic 1.464ns (53.368%)  route 1.279ns (46.632%))
  Logic Levels:           2  (CARRY4=2)
  Clock Path Skew:        -0.025ns (DCD - SCD + CPR)
    Destination Clock Delay (DCD):    5.011ns = ( 15.011 - 10.000 ) 
    Source Clock Delay      (SCD):    5.311ns
    Clock Pessimism Removal (CPR):    0.275ns
  Clock Uncertainty:      0.035ns  ((TSJ^2 + TIJ^2)^1/2 + DJ) / 2 + PE
    Total System Jitter     (TSJ):    0.071ns
    Total Input Jitter      (TIJ):    0.000ns
    Discrete Jitter          (DJ):    0.000ns
    Phase Error              (PE):    0.000ns

    Location             Delay type                Incr(ns)  Path(ns)    Netlist Resource(s)
  -------------------------------------------------------------------    -------------------
                         (clock clk rise edge)        0.000     0.000 r  
    E3                                                0.000     0.000 r  CLK100MHZ (IN)
                         net (fo=0)                   0.000     0.000    CLK100MHZ
    E3                   IBUF (Prop_ibuf_I_O)         1.482     1.482 r  CLK100MHZ_IBUF_inst/O
                         net (fo=1, routed)           2.025     3.506    CLK100MHZ_IBUF
    BUFGCTRL_X0Y16       BUFG (Prop_bufg_I_O)         0.096     3.602 r  CLK100MHZ_IBUF_BUFG_inst/O
                         net (fo=26, routed)          1.709     5.311    mydivider/clk
    SLICE_X0Y104         FDCE                                         r  mydivider/cnt_reg[17]/C
  -------------------------------------------------------------------    -------------------
    SLICE_X0Y104         FDCE (Prop_fdce_C_Q)         0.456     5.767 r  mydivider/cnt_reg[17]/Q
                         net (fo=3, routed)           1.279     7.047    mydivider/out[0]
    SLICE_X0Y104         CARRY4 (Prop_carry4_S[1]_CO[3])
                                                      0.674     7.721 r  mydivider/cnt_reg[16]_i_1/CO[3]
                         net (fo=1, routed)           0.000     7.721    mydivider/cnt_reg[16]_i_1_n_0
    SLICE_X0Y105         CARRY4 (Prop_carry4_CI_O[1])
                                                      0.334     8.055 r  mydivider/cnt_reg[20]_i_1/O[1]
                         net (fo=1, routed)           0.000     8.055    mydivider/cnt_reg[20]_i_1_n_6
    SLICE_X0Y105         FDCE                                         r  mydivider/cnt_reg[21]/D
  -------------------------------------------------------------------    -------------------

                         (clock clk rise edge)       10.000    10.000 r  
    E3                                                0.000    10.000 r  CLK100MHZ (IN)
                         net (fo=0)                   0.000    10.000    CLK100MHZ
    E3                   IBUF (Prop_ibuf_I_O)         1.411    11.411 r  CLK100MHZ_IBUF_inst/O
                         net (fo=1, routed)           1.920    13.331    CLK100MHZ_IBUF
    BUFGCTRL_X0Y16       BUFG (Prop_bufg_I_O)         0.091    13.422 r  CLK100MHZ_IBUF_BUFG_inst/O
                         net (fo=26, routed)          1.589    15.011    mydivider/clk
    SLICE_X0Y105         FDCE                                         r  mydivider/cnt_reg[21]/C
                         clock pessimism              0.275    15.286    
                         clock uncertainty           -0.035    15.251    
    SLICE_X0Y105         FDCE (Setup_fdce_C_D)        0.062    15.313    mydivider/cnt_reg[21]
  -------------------------------------------------------------------
                         required time                         15.313    
                         arrival time                          -8.055    
  -------------------------------------------------------------------
                         slack                                  7.258    

Slack (MET) :             7.279ns  (required time - arrival time)
  Source:                 mydivider/cnt_reg[17]/C
                            (rising edge-triggered cell FDCE clocked by clk  {rise@0.000ns fall@5.000ns period=10.000ns})
  Destination:            mydivider/cnt_reg[23]/D
                            (rising edge-triggered cell FDCE clocked by clk  {rise@0.000ns fall@5.000ns period=10.000ns})
  Path Group:             clk
  Path Type:              Setup (Max at Slow Process Corner)
  Requirement:            10.000ns  (clk rise@10.000ns - clk rise@0.000ns)
  Data Path Delay:        2.722ns  (logic 1.443ns (53.008%)  route 1.279ns (46.992%))
  Logic Levels:           2  (CARRY4=2)
  Clock Path Skew:        -0.025ns (DCD - SCD + CPR)
    Destination Clock Delay (DCD):    5.011ns = ( 15.011 - 10.000 ) 
    Source Clock Delay      (SCD):    5.311ns
    Clock Pessimism Removal (CPR):    0.275ns
  Clock Uncertainty:      0.035ns  ((TSJ^2 + TIJ^2)^1/2 + DJ) / 2 + PE
    Total System Jitter     (TSJ):    0.071ns
    Total Input Jitter      (TIJ):    0.000ns
    Discrete Jitter          (DJ):    0.000ns
    Phase Error              (PE):    0.000ns

    Location             Delay type                Incr(ns)  Path(ns)    Netlist Resource(s)
  -------------------------------------------------------------------    -------------------
                         (clock clk rise edge)        0.000     0.000 r  
    E3                                                0.000     0.000 r  CLK100MHZ (IN)
                         net (fo=0)                   0.000     0.000    CLK100MHZ
    E3                   IBUF (Prop_ibuf_I_O)         1.482     1.482 r  CLK100MHZ_IBUF_inst/O
                         net (fo=1, routed)           2.025     3.506    CLK100MHZ_IBUF
    BUFGCTRL_X0Y16       BUFG (Prop_bufg_I_O)         0.096     3.602 r  CLK100MHZ_IBUF_BUFG_inst/O
                         net (fo=26, routed)          1.709     5.311    mydivider/clk
    SLICE_X0Y104         FDCE                                         r  mydivider/cnt_reg[17]/C
  -------------------------------------------------------------------    -------------------
    SLICE_X0Y104         FDCE (Prop_fdce_C_Q)         0.456     5.767 r  mydivider/cnt_reg[17]/Q
                         net (fo=3, routed)           1.279     7.047    mydivider/out[0]
    SLICE_X0Y104         CARRY4 (Prop_carry4_S[1]_CO[3])
                                                      0.674     7.721 r  mydivider/cnt_reg[16]_i_1/CO[3]
                         net (fo=1, routed)           0.000     7.721    mydivider/cnt_reg[16]_i_1_n_0
    SLICE_X0Y105         CARRY4 (Prop_carry4_CI_O[3])
                                                      0.313     8.034 r  mydivider/cnt_reg[20]_i_1/O[3]
                         net (fo=1, routed)           0.000     8.034    mydivider/cnt_reg[20]_i_1_n_4
    SLICE_X0Y105         FDCE                                         r  mydivider/cnt_reg[23]/D
  -------------------------------------------------------------------    -------------------

                         (clock clk rise edge)       10.000    10.000 r  
    E3                                                0.000    10.000 r  CLK100MHZ (IN)
                         net (fo=0)                   0.000    10.000    CLK100MHZ
    E3                   IBUF (Prop_ibuf_I_O)         1.411    11.411 r  CLK100MHZ_IBUF_inst/O
                         net (fo=1, routed)           1.920    13.331    CLK100MHZ_IBUF
    BUFGCTRL_X0Y16       BUFG (Prop_bufg_I_O)         0.091    13.422 r  CLK100MHZ_IBUF_BUFG_inst/O
                         net (fo=26, routed)          1.589    15.011    mydivider/clk
    SLICE_X0Y105         FDCE                                         r  mydivider/cnt_reg[23]/C
                         clock pessimism              0.275    15.286    
                         clock uncertainty           -0.035    15.251    
    SLICE_X0Y105         FDCE (Setup_fdce_C_D)        0.062    15.313    mydivider/cnt_reg[23]
  -------------------------------------------------------------------
                         required time                         15.313    
                         arrival time                          -8.034    
  -------------------------------------------------------------------
                         slack                                  7.279    

Slack (MET) :             7.353ns  (required time - arrival time)
  Source:                 mydivider/cnt_reg[17]/C
                            (rising edge-triggered cell FDCE clocked by clk  {rise@0.000ns fall@5.000ns period=10.000ns})
  Destination:            mydivider/cnt_reg[22]/D
                            (rising edge-triggered cell FDCE clocked by clk  {rise@0.000ns fall@5.000ns period=10.000ns})
  Path Group:             clk
  Path Type:              Setup (Max at Slow Process Corner)
  Requirement:            10.000ns  (clk rise@10.000ns - clk rise@0.000ns)
  Data Path Delay:        2.648ns  (logic 1.369ns (51.695%)  route 1.279ns (48.305%))
  Logic Levels:           2  (CARRY4=2)
  Clock Path Skew:        -0.025ns (DCD - SCD + CPR)
    Destination Clock Delay (DCD):    5.011ns = ( 15.011 - 10.000 ) 
    Source Clock Delay      (SCD):    5.311ns
    Clock Pessimism Removal (CPR):    0.275ns
  Clock Uncertainty:      0.035ns  ((TSJ^2 + TIJ^2)^1/2 + DJ) / 2 + PE
    Total System Jitter     (TSJ):    0.071ns
    Total Input Jitter      (TIJ):    0.000ns
    Discrete Jitter          (DJ):    0.000ns
    Phase Error              (PE):    0.000ns

    Location             Delay type                Incr(ns)  Path(ns)    Netlist Resource(s)
  -------------------------------------------------------------------    -------------------
                         (clock clk rise edge)        0.000     0.000 r  
    E3                                                0.000     0.000 r  CLK100MHZ (IN)
                         net (fo=0)                   0.000     0.000    CLK100MHZ
    E3                   IBUF (Prop_ibuf_I_O)         1.482     1.482 r  CLK100MHZ_IBUF_inst/O
                         net (fo=1, routed)           2.025     3.506    CLK100MHZ_IBUF
    BUFGCTRL_X0Y16       BUFG (Prop_bufg_I_O)         0.096     3.602 r  CLK100MHZ_IBUF_BUFG_inst/O
                         net (fo=26, routed)          1.709     5.311    mydivider/clk
    SLICE_X0Y104         FDCE                                         r  mydivider/cnt_reg[17]/C
  -------------------------------------------------------------------    -------------------
    SLICE_X0Y104         FDCE (Prop_fdce_C_Q)         0.456     5.767 r  mydivider/cnt_reg[17]/Q
                         net (fo=3, routed)           1.279     7.047    mydivider/out[0]
    SLICE_X0Y104         CARRY4 (Prop_carry4_S[1]_CO[3])
                                                      0.674     7.721 r  mydivider/cnt_reg[16]_i_1/CO[3]
                         net (fo=1, routed)           0.000     7.721    mydivider/cnt_reg[16]_i_1_n_0
    SLICE_X0Y105         CARRY4 (Prop_carry4_CI_O[2])
                                                      0.239     7.960 r  mydivider/cnt_reg[20]_i_1/O[2]
                         net (fo=1, routed)           0.000     7.960    mydivider/cnt_reg[20]_i_1_n_5
    SLICE_X0Y105         FDCE                                         r  mydivider/cnt_reg[22]/D
  -------------------------------------------------------------------    -------------------

                         (clock clk rise edge)       10.000    10.000 r  
    E3                                                0.000    10.000 r  CLK100MHZ (IN)
                         net (fo=0)                   0.000    10.000    CLK100MHZ
    E3                   IBUF (Prop_ibuf_I_O)         1.411    11.411 r  CLK100MHZ_IBUF_inst/O
                         net (fo=1, routed)           1.920    13.331    CLK100MHZ_IBUF
    BUFGCTRL_X0Y16       BUFG (Prop_bufg_I_O)         0.091    13.422 r  CLK100MHZ_IBUF_BUFG_inst/O
                         net (fo=26, routed)          1.589    15.011    mydivider/clk
    SLICE_X0Y105         FDCE                                         r  mydivider/cnt_reg[22]/C
                         clock pessimism              0.275    15.286    
                         clock uncertainty           -0.035    15.251    
    SLICE_X0Y105         FDCE (Setup_fdce_C_D)        0.062    15.313    mydivider/cnt_reg[22]
  -------------------------------------------------------------------
                         required time                         15.313    
                         arrival time                          -7.960    
  -------------------------------------------------------------------
                         slack                                  7.353    

Slack (MET) :             7.369ns  (required time - arrival time)
  Source:                 mydivider/cnt_reg[17]/C
                            (rising edge-triggered cell FDCE clocked by clk  {rise@0.000ns fall@5.000ns period=10.000ns})
  Destination:            mydivider/cnt_reg[20]/D
                            (rising edge-triggered cell FDCE clocked by clk  {rise@0.000ns fall@5.000ns period=10.000ns})
  Path Group:             clk
  Path Type:              Setup (Max at Slow Process Corner)
  Requirement:            10.000ns  (clk rise@10.000ns - clk rise@0.000ns)
  Data Path Delay:        2.632ns  (logic 1.353ns (51.401%)  route 1.279ns (48.599%))
  Logic Levels:           2  (CARRY4=2)
  Clock Path Skew:        -0.025ns (DCD - SCD + CPR)
    Destination Clock Delay (DCD):    5.011ns = ( 15.011 - 10.000 ) 
    Source Clock Delay      (SCD):    5.311ns
    Clock Pessimism Removal (CPR):    0.275ns
  Clock Uncertainty:      0.035ns  ((TSJ^2 + TIJ^2)^1/2 + DJ) / 2 + PE
    Total System Jitter     (TSJ):    0.071ns
    Total Input Jitter      (TIJ):    0.000ns
    Discrete Jitter          (DJ):    0.000ns
    Phase Error              (PE):    0.000ns

    Location             Delay type                Incr(ns)  Path(ns)    Netlist Resource(s)
  -------------------------------------------------------------------    -------------------
                         (clock clk rise edge)        0.000     0.000 r  
    E3                                                0.000     0.000 r  CLK100MHZ (IN)
                         net (fo=0)                   0.000     0.000    CLK100MHZ
    E3                   IBUF (Prop_ibuf_I_O)         1.482     1.482 r  CLK100MHZ_IBUF_inst/O
                         net (fo=1, routed)           2.025     3.506    CLK100MHZ_IBUF
    BUFGCTRL_X0Y16       BUFG (Prop_bufg_I_O)         0.096     3.602 r  CLK100MHZ_IBUF_BUFG_inst/O
                         net (fo=26, routed)          1.709     5.311    mydivider/clk
    SLICE_X0Y104         FDCE                                         r  mydivider/cnt_reg[17]/C
  -------------------------------------------------------------------    -------------------
    SLICE_X0Y104         FDCE (Prop_fdce_C_Q)         0.456     5.767 r  mydivider/cnt_reg[17]/Q
                         net (fo=3, routed)           1.279     7.047    mydivider/out[0]
    SLICE_X0Y104         CARRY4 (Prop_carry4_S[1]_CO[3])
                                                      0.674     7.721 r  mydivider/cnt_reg[16]_i_1/CO[3]
                         net (fo=1, routed)           0.000     7.721    mydivider/cnt_reg[16]_i_1_n_0
    SLICE_X0Y105         CARRY4 (Prop_carry4_CI_O[0])
                                                      0.223     7.944 r  mydivider/cnt_reg[20]_i_1/O[0]
                         net (fo=1, routed)           0.000     7.944    mydivider/cnt_reg[20]_i_1_n_7
    SLICE_X0Y105         FDCE                                         r  mydivider/cnt_reg[20]/D
  -------------------------------------------------------------------    -------------------

                         (clock clk rise edge)       10.000    10.000 r  
    E3                                                0.000    10.000 r  CLK100MHZ (IN)
                         net (fo=0)                   0.000    10.000    CLK100MHZ
    E3                   IBUF (Prop_ibuf_I_O)         1.411    11.411 r  CLK100MHZ_IBUF_inst/O
                         net (fo=1, routed)           1.920    13.331    CLK100MHZ_IBUF
    BUFGCTRL_X0Y16       BUFG (Prop_bufg_I_O)         0.091    13.422 r  CLK100MHZ_IBUF_BUFG_inst/O
                         net (fo=26, routed)          1.589    15.011    mydivider/clk
    SLICE_X0Y105         FDCE                                         r  mydivider/cnt_reg[20]/C
                         clock pessimism              0.275    15.286    
                         clock uncertainty           -0.035    15.251    
    SLICE_X0Y105         FDCE (Setup_fdce_C_D)        0.062    15.313    mydivider/cnt_reg[20]
  -------------------------------------------------------------------
                         required time                         15.313    
                         arrival time                          -7.944    
  -------------------------------------------------------------------
                         slack                                  7.369    

Slack (MET) :             7.433ns  (required time - arrival time)
  Source:                 mydivider/cnt_reg[1]/C
                            (rising edge-triggered cell FDCE clocked by clk  {rise@0.000ns fall@5.000ns period=10.000ns})
  Destination:            mydivider/cnt_reg[17]/D
                            (rising edge-triggered cell FDCE clocked by clk  {rise@0.000ns fall@5.000ns period=10.000ns})
  Path Group:             clk
  Path Type:              Setup (Max at Slow Process Corner)
  Requirement:            10.000ns  (clk rise@10.000ns - clk rise@0.000ns)
  Data Path Delay:        2.568ns  (logic 1.806ns (70.331%)  route 0.762ns (29.669%))
  Logic Levels:           5  (CARRY4=5)
  Clock Path Skew:        -0.026ns (DCD - SCD + CPR)
    Destination Clock Delay (DCD):    5.011ns = ( 15.011 - 10.000 ) 
    Source Clock Delay      (SCD):    5.312ns
    Clock Pessimism Removal (CPR):    0.275ns
  Clock Uncertainty:      0.035ns  ((TSJ^2 + TIJ^2)^1/2 + DJ) / 2 + PE
    Total System Jitter     (TSJ):    0.071ns
    Total Input Jitter      (TIJ):    0.000ns
    Discrete Jitter          (DJ):    0.000ns
    Phase Error              (PE):    0.000ns

    Location             Delay type                Incr(ns)  Path(ns)    Netlist Resource(s)
  -------------------------------------------------------------------    -------------------
                         (clock clk rise edge)        0.000     0.000 r  
    E3                                                0.000     0.000 r  CLK100MHZ (IN)
                         net (fo=0)                   0.000     0.000    CLK100MHZ
    E3                   IBUF (Prop_ibuf_I_O)         1.482     1.482 r  CLK100MHZ_IBUF_inst/O
                         net (fo=1, routed)           2.025     3.506    CLK100MHZ_IBUF
    BUFGCTRL_X0Y16       BUFG (Prop_bufg_I_O)         0.096     3.602 r  CLK100MHZ_IBUF_BUFG_inst/O
                         net (fo=26, routed)          1.710     5.312    mydivider/clk
    SLICE_X0Y100         FDCE                                         r  mydivider/cnt_reg[1]/C
  -------------------------------------------------------------------    -------------------
    SLICE_X0Y100         FDCE (Prop_fdce_C_Q)         0.456     5.768 r  mydivider/cnt_reg[1]/Q
                         net (fo=1, routed)           0.762     6.530    mydivider/cnt_reg_n_0_[1]
    SLICE_X0Y100         CARRY4 (Prop_carry4_S[1]_CO[3])
                                                      0.674     7.204 r  mydivider/cnt_reg[0]_i_1/CO[3]
                         net (fo=1, routed)           0.000     7.204    mydivider/cnt_reg[0]_i_1_n_0
    SLICE_X0Y101         CARRY4 (Prop_carry4_CI_CO[3])
                                                      0.114     7.318 r  mydivider/cnt_reg[4]_i_1/CO[3]
                         net (fo=1, routed)           0.000     7.318    mydivider/cnt_reg[4]_i_1_n_0
    SLICE_X0Y102         CARRY4 (Prop_carry4_CI_CO[3])
                                                      0.114     7.432 r  mydivider/cnt_reg[8]_i_1/CO[3]
                         net (fo=1, routed)           0.000     7.432    mydivider/cnt_reg[8]_i_1_n_0
    SLICE_X0Y103         CARRY4 (Prop_carry4_CI_CO[3])
                                                      0.114     7.546 r  mydivider/cnt_reg[12]_i_1/CO[3]
                         net (fo=1, routed)           0.000     7.546    mydivider/cnt_reg[12]_i_1_n_0
    SLICE_X0Y104         CARRY4 (Prop_carry4_CI_O[1])
                                                      0.334     7.880 r  mydivider/cnt_reg[16]_i_1/O[1]
                         net (fo=1, routed)           0.000     7.880    mydivider/cnt_reg[16]_i_1_n_6
    SLICE_X0Y104         FDCE                                         r  mydivider/cnt_reg[17]/D
  -------------------------------------------------------------------    -------------------

                         (clock clk rise edge)       10.000    10.000 r  
    E3                                                0.000    10.000 r  CLK100MHZ (IN)
                         net (fo=0)                   0.000    10.000    CLK100MHZ
    E3                   IBUF (Prop_ibuf_I_O)         1.411    11.411 r  CLK100MHZ_IBUF_inst/O
                         net (fo=1, routed)           1.920    13.331    CLK100MHZ_IBUF
    BUFGCTRL_X0Y16       BUFG (Prop_bufg_I_O)         0.091    13.422 r  CLK100MHZ_IBUF_BUFG_inst/O
                         net (fo=26, routed)          1.589    15.011    mydivider/clk
    SLICE_X0Y104         FDCE                                         r  mydivider/cnt_reg[17]/C
                         clock pessimism              0.275    15.286    
                         clock uncertainty           -0.035    15.251    
    SLICE_X0Y104         FDCE (Setup_fdce_C_D)        0.062    15.313    mydivider/cnt_reg[17]
  -------------------------------------------------------------------
                         required time                         15.313    
                         arrival time                          -7.880    
  -------------------------------------------------------------------
                         slack                                  7.433    

Slack (MET) :             7.454ns  (required time - arrival time)
  Source:                 mydivider/cnt_reg[1]/C
                            (rising edge-triggered cell FDCE clocked by clk  {rise@0.000ns fall@5.000ns period=10.000ns})
  Destination:            mydivider/cnt_reg[19]/D
                            (rising edge-triggered cell FDCE clocked by clk  {rise@0.000ns fall@5.000ns period=10.000ns})
  Path Group:             clk
  Path Type:              Setup (Max at Slow Process Corner)
  Requirement:            10.000ns  (clk rise@10.000ns - clk rise@0.000ns)
  Data Path Delay:        2.547ns  (logic 1.785ns (70.086%)  route 0.762ns (29.914%))
  Logic Levels:           5  (CARRY4=5)
  Clock Path Skew:        -0.026ns (DCD - SCD + CPR)
    Destination Clock Delay (DCD):    5.011ns = ( 15.011 - 10.000 ) 
    Source Clock Delay      (SCD):    5.312ns
    Clock Pessimism Removal (CPR):    0.275ns
  Clock Uncertainty:      0.035ns  ((TSJ^2 + TIJ^2)^1/2 + DJ) / 2 + PE
    Total System Jitter     (TSJ):    0.071ns
    Total Input Jitter      (TIJ):    0.000ns
    Discrete Jitter          (DJ):    0.000ns
    Phase Error              (PE):    0.000ns

    Location             Delay type                Incr(ns)  Path(ns)    Netlist Resource(s)
  -------------------------------------------------------------------    -------------------
                         (clock clk rise edge)        0.000     0.000 r  
    E3                                                0.000     0.000 r  CLK100MHZ (IN)
                         net (fo=0)                   0.000     0.000    CLK100MHZ
    E3                   IBUF (Prop_ibuf_I_O)         1.482     1.482 r  CLK100MHZ_IBUF_inst/O
                         net (fo=1, routed)           2.025     3.506    CLK100MHZ_IBUF
    BUFGCTRL_X0Y16       BUFG (Prop_bufg_I_O)         0.096     3.602 r  CLK100MHZ_IBUF_BUFG_inst/O
                         net (fo=26, routed)          1.710     5.312    mydivider/clk
    SLICE_X0Y100         FDCE                                         r  mydivider/cnt_reg[1]/C
  -------------------------------------------------------------------    -------------------
    SLICE_X0Y100         FDCE (Prop_fdce_C_Q)         0.456     5.768 r  mydivider/cnt_reg[1]/Q
                         net (fo=1, routed)           0.762     6.530    mydivider/cnt_reg_n_0_[1]
    SLICE_X0Y100         CARRY4 (Prop_carry4_S[1]_CO[3])
                                                      0.674     7.204 r  mydivider/cnt_reg[0]_i_1/CO[3]
                         net (fo=1, routed)           0.000     7.204    mydivider/cnt_reg[0]_i_1_n_0
    SLICE_X0Y101         CARRY4 (Prop_carry4_CI_CO[3])
                                                      0.114     7.318 r  mydivider/cnt_reg[4]_i_1/CO[3]
                         net (fo=1, routed)           0.000     7.318    mydivider/cnt_reg[4]_i_1_n_0
    SLICE_X0Y102         CARRY4 (Prop_carry4_CI_CO[3])
                                                      0.114     7.432 r  mydivider/cnt_reg[8]_i_1/CO[3]
                         net (fo=1, routed)           0.000     7.432    mydivider/cnt_reg[8]_i_1_n_0
    SLICE_X0Y103         CARRY4 (Prop_carry4_CI_CO[3])
                                                      0.114     7.546 r  mydivider/cnt_reg[12]_i_1/CO[3]
                         net (fo=1, routed)           0.000     7.546    mydivider/cnt_reg[12]_i_1_n_0
    SLICE_X0Y104         CARRY4 (Prop_carry4_CI_O[3])
                                                      0.313     7.859 r  mydivider/cnt_reg[16]_i_1/O[3]
                         net (fo=1, routed)           0.000     7.859    mydivider/cnt_reg[16]_i_1_n_4
    SLICE_X0Y104         FDCE                                         r  mydivider/cnt_reg[19]/D
  -------------------------------------------------------------------    -------------------

                         (clock clk rise edge)       10.000    10.000 r  
    E3                                                0.000    10.000 r  CLK100MHZ (IN)
                         net (fo=0)                   0.000    10.000    CLK100MHZ
    E3                   IBUF (Prop_ibuf_I_O)         1.411    11.411 r  CLK100MHZ_IBUF_inst/O
                         net (fo=1, routed)           1.920    13.331    CLK100MHZ_IBUF
    BUFGCTRL_X0Y16       BUFG (Prop_bufg_I_O)         0.091    13.422 r  CLK100MHZ_IBUF_BUFG_inst/O
                         net (fo=26, routed)          1.589    15.011    mydivider/clk
    SLICE_X0Y104         FDCE                                         r  mydivider/cnt_reg[19]/C
                         clock pessimism              0.275    15.286    
                         clock uncertainty           -0.035    15.251    
    SLICE_X0Y104         FDCE (Setup_fdce_C_D)        0.062    15.313    mydivider/cnt_reg[19]
  -------------------------------------------------------------------
                         required time                         15.313    
                         arrival time                          -7.859    
  -------------------------------------------------------------------
                         slack                                  7.454    

Slack (MET) :             7.528ns  (required time - arrival time)
  Source:                 mydivider/cnt_reg[1]/C
                            (rising edge-triggered cell FDCE clocked by clk  {rise@0.000ns fall@5.000ns period=10.000ns})
  Destination:            mydivider/cnt_reg[18]/D
                            (rising edge-triggered cell FDCE clocked by clk  {rise@0.000ns fall@5.000ns period=10.000ns})
  Path Group:             clk
  Path Type:              Setup (Max at Slow Process Corner)
  Requirement:            10.000ns  (clk rise@10.000ns - clk rise@0.000ns)
  Data Path Delay:        2.473ns  (logic 1.711ns (69.191%)  route 0.762ns (30.809%))
  Logic Levels:           5  (CARRY4=5)
  Clock Path Skew:        -0.026ns (DCD - SCD + CPR)
    Destination Clock Delay (DCD):    5.011ns = ( 15.011 - 10.000 ) 
    Source Clock Delay      (SCD):    5.312ns
    Clock Pessimism Removal (CPR):    0.275ns
  Clock Uncertainty:      0.035ns  ((TSJ^2 + TIJ^2)^1/2 + DJ) / 2 + PE
    Total System Jitter     (TSJ):    0.071ns
    Total Input Jitter      (TIJ):    0.000ns
    Discrete Jitter          (DJ):    0.000ns
    Phase Error              (PE):    0.000ns

    Location             Delay type                Incr(ns)  Path(ns)    Netlist Resource(s)
  -------------------------------------------------------------------    -------------------
                         (clock clk rise edge)        0.000     0.000 r  
    E3                                                0.000     0.000 r  CLK100MHZ (IN)
                         net (fo=0)                   0.000     0.000    CLK100MHZ
    E3                   IBUF (Prop_ibuf_I_O)         1.482     1.482 r  CLK100MHZ_IBUF_inst/O
                         net (fo=1, routed)           2.025     3.506    CLK100MHZ_IBUF
    BUFGCTRL_X0Y16       BUFG (Prop_bufg_I_O)         0.096     3.602 r  CLK100MHZ_IBUF_BUFG_inst/O
                         net (fo=26, routed)          1.710     5.312    mydivider/clk
    SLICE_X0Y100         FDCE                                         r  mydivider/cnt_reg[1]/C
  -------------------------------------------------------------------    -------------------
    SLICE_X0Y100         FDCE (Prop_fdce_C_Q)         0.456     5.768 r  mydivider/cnt_reg[1]/Q
                         net (fo=1, routed)           0.762     6.530    mydivider/cnt_reg_n_0_[1]
    SLICE_X0Y100         CARRY4 (Prop_carry4_S[1]_CO[3])
                                                      0.674     7.204 r  mydivider/cnt_reg[0]_i_1/CO[3]
                         net (fo=1, routed)           0.000     7.204    mydivider/cnt_reg[0]_i_1_n_0
    SLICE_X0Y101         CARRY4 (Prop_carry4_CI_CO[3])
                                                      0.114     7.318 r  mydivider/cnt_reg[4]_i_1/CO[3]
                         net (fo=1, routed)           0.000     7.318    mydivider/cnt_reg[4]_i_1_n_0
    SLICE_X0Y102         CARRY4 (Prop_carry4_CI_CO[3])
                                                      0.114     7.432 r  mydivider/cnt_reg[8]_i_1/CO[3]
                         net (fo=1, routed)           0.000     7.432    mydivider/cnt_reg[8]_i_1_n_0
    SLICE_X0Y103         CARRY4 (Prop_carry4_CI_CO[3])
                                                      0.114     7.546 r  mydivider/cnt_reg[12]_i_1/CO[3]
                         net (fo=1, routed)           0.000     7.546    mydivider/cnt_reg[12]_i_1_n_0
    SLICE_X0Y104         CARRY4 (Prop_carry4_CI_O[2])
                                                      0.239     7.785 r  mydivider/cnt_reg[16]_i_1/O[2]
                         net (fo=1, routed)           0.000     7.785    mydivider/cnt_reg[16]_i_1_n_5
    SLICE_X0Y104         FDCE                                         r  mydivider/cnt_reg[18]/D
  -------------------------------------------------------------------    -------------------

                         (clock clk rise edge)       10.000    10.000 r  
    E3                                                0.000    10.000 r  CLK100MHZ (IN)
                         net (fo=0)                   0.000    10.000    CLK100MHZ
    E3                   IBUF (Prop_ibuf_I_O)         1.411    11.411 r  CLK100MHZ_IBUF_inst/O
                         net (fo=1, routed)           1.920    13.331    CLK100MHZ_IBUF
    BUFGCTRL_X0Y16       BUFG (Prop_bufg_I_O)         0.091    13.422 r  CLK100MHZ_IBUF_BUFG_inst/O
                         net (fo=26, routed)          1.589    15.011    mydivider/clk
    SLICE_X0Y104         FDCE                                         r  mydivider/cnt_reg[18]/C
                         clock pessimism              0.275    15.286    
                         clock uncertainty           -0.035    15.251    
    SLICE_X0Y104         FDCE (Setup_fdce_C_D)        0.062    15.313    mydivider/cnt_reg[18]
  -------------------------------------------------------------------
                         required time                         15.313    
                         arrival time                          -7.785    
  -------------------------------------------------------------------
                         slack                                  7.528    

Slack (MET) :             7.544ns  (required time - arrival time)
  Source:                 mydivider/cnt_reg[1]/C
                            (rising edge-triggered cell FDCE clocked by clk  {rise@0.000ns fall@5.000ns period=10.000ns})
  Destination:            mydivider/cnt_reg[16]/D
                            (rising edge-triggered cell FDCE clocked by clk  {rise@0.000ns fall@5.000ns period=10.000ns})
  Path Group:             clk
  Path Type:              Setup (Max at Slow Process Corner)
  Requirement:            10.000ns  (clk rise@10.000ns - clk rise@0.000ns)
  Data Path Delay:        2.457ns  (logic 1.695ns (68.990%)  route 0.762ns (31.010%))
  Logic Levels:           5  (CARRY4=5)
  Clock Path Skew:        -0.026ns (DCD - SCD + CPR)
    Destination Clock Delay (DCD):    5.011ns = ( 15.011 - 10.000 ) 
    Source Clock Delay      (SCD):    5.312ns
    Clock Pessimism Removal (CPR):    0.275ns
  Clock Uncertainty:      0.035ns  ((TSJ^2 + TIJ^2)^1/2 + DJ) / 2 + PE
    Total System Jitter     (TSJ):    0.071ns
    Total Input Jitter      (TIJ):    0.000ns
    Discrete Jitter          (DJ):    0.000ns
    Phase Error              (PE):    0.000ns

    Location             Delay type                Incr(ns)  Path(ns)    Netlist Resource(s)
  -------------------------------------------------------------------    -------------------
                         (clock clk rise edge)        0.000     0.000 r  
    E3                                                0.000     0.000 r  CLK100MHZ (IN)
                         net (fo=0)                   0.000     0.000    CLK100MHZ
    E3                   IBUF (Prop_ibuf_I_O)         1.482     1.482 r  CLK100MHZ_IBUF_inst/O
                         net (fo=1, routed)           2.025     3.506    CLK100MHZ_IBUF
    BUFGCTRL_X0Y16       BUFG (Prop_bufg_I_O)         0.096     3.602 r  CLK100MHZ_IBUF_BUFG_inst/O
                         net (fo=26, routed)          1.710     5.312    mydivider/clk
    SLICE_X0Y100         FDCE                                         r  mydivider/cnt_reg[1]/C
  -------------------------------------------------------------------    -------------------
    SLICE_X0Y100         FDCE (Prop_fdce_C_Q)         0.456     5.768 r  mydivider/cnt_reg[1]/Q
                         net (fo=1, routed)           0.762     6.530    mydivider/cnt_reg_n_0_[1]
    SLICE_X0Y100         CARRY4 (Prop_carry4_S[1]_CO[3])
                                                      0.674     7.204 r  mydivider/cnt_reg[0]_i_1/CO[3]
                         net (fo=1, routed)           0.000     7.204    mydivider/cnt_reg[0]_i_1_n_0
    SLICE_X0Y101         CARRY4 (Prop_carry4_CI_CO[3])
                                                      0.114     7.318 r  mydivider/cnt_reg[4]_i_1/CO[3]
                         net (fo=1, routed)           0.000     7.318    mydivider/cnt_reg[4]_i_1_n_0
    SLICE_X0Y102         CARRY4 (Prop_carry4_CI_CO[3])
                                                      0.114     7.432 r  mydivider/cnt_reg[8]_i_1/CO[3]
                         net (fo=1, routed)           0.000     7.432    mydivider/cnt_reg[8]_i_1_n_0
    SLICE_X0Y103         CARRY4 (Prop_carry4_CI_CO[3])
                                                      0.114     7.546 r  mydivider/cnt_reg[12]_i_1/CO[3]
                         net (fo=1, routed)           0.000     7.546    mydivider/cnt_reg[12]_i_1_n_0
    SLICE_X0Y104         CARRY4 (Prop_carry4_CI_O[0])
                                                      0.223     7.769 r  mydivider/cnt_reg[16]_i_1/O[0]
                         net (fo=1, routed)           0.000     7.769    mydivider/cnt_reg[16]_i_1_n_7
    SLICE_X0Y104         FDCE                                         r  mydivider/cnt_reg[16]/D
  -------------------------------------------------------------------    -------------------

                         (clock clk rise edge)       10.000    10.000 r  
    E3                                                0.000    10.000 r  CLK100MHZ (IN)
                         net (fo=0)                   0.000    10.000    CLK100MHZ
    E3                   IBUF (Prop_ibuf_I_O)         1.411    11.411 r  CLK100MHZ_IBUF_inst/O
                         net (fo=1, routed)           1.920    13.331    CLK100MHZ_IBUF
    BUFGCTRL_X0Y16       BUFG (Prop_bufg_I_O)         0.091    13.422 r  CLK100MHZ_IBUF_BUFG_inst/O
                         net (fo=26, routed)          1.589    15.011    mydivider/clk
    SLICE_X0Y104         FDCE                                         r  mydivider/cnt_reg[16]/C
                         clock pessimism              0.275    15.286    
                         clock uncertainty           -0.035    15.251    
    SLICE_X0Y104         FDCE (Setup_fdce_C_D)        0.062    15.313    mydivider/cnt_reg[16]
  -------------------------------------------------------------------
                         required time                         15.313    
                         arrival time                          -7.769    
  -------------------------------------------------------------------
                         slack                                  7.544    





Min Delay Paths
--------------------------------------------------------------------------------------
Slack (MET) :             0.324ns  (arrival time - required time)
  Source:                 mydivider/cnt_reg[0]/C
                            (rising edge-triggered cell FDCE clocked by clk  {rise@0.000ns fall@5.000ns period=10.000ns})
  Destination:            mydivider/cnt_reg[0]/D
                            (rising edge-triggered cell FDCE clocked by clk  {rise@0.000ns fall@5.000ns period=10.000ns})
  Path Group:             clk
  Path Type:              Hold (Min at Fast Process Corner)
  Requirement:            0.000ns  (clk rise@0.000ns - clk rise@0.000ns)
  Data Path Delay:        0.429ns  (logic 0.256ns (59.730%)  route 0.173ns (40.270%))
  Logic Levels:           2  (CARRY4=1 LUT1=1)
  Clock Path Skew:        0.000ns (DCD - SCD - CPR)
    Destination Clock Delay (DCD):    2.037ns
    Source Clock Delay      (SCD):    1.518ns
    Clock Pessimism Removal (CPR):    0.518ns

    Location             Delay type                Incr(ns)  Path(ns)    Netlist Resource(s)
  -------------------------------------------------------------------    -------------------
                         (clock clk rise edge)        0.000     0.000 r  
    E3                                                0.000     0.000 r  CLK100MHZ (IN)
                         net (fo=0)                   0.000     0.000    CLK100MHZ
    E3                   IBUF (Prop_ibuf_I_O)         0.250     0.250 r  CLK100MHZ_IBUF_inst/O
                         net (fo=1, routed)           0.644     0.894    CLK100MHZ_IBUF
    BUFGCTRL_X0Y16       BUFG (Prop_bufg_I_O)         0.026     0.920 r  CLK100MHZ_IBUF_BUFG_inst/O
                         net (fo=26, routed)          0.599     1.518    mydivider/clk
    SLICE_X0Y100         FDCE                                         r  mydivider/cnt_reg[0]/C
  -------------------------------------------------------------------    -------------------
    SLICE_X0Y100         FDCE (Prop_fdce_C_Q)         0.141     1.659 f  mydivider/cnt_reg[0]/Q
                         net (fo=1, routed)           0.173     1.832    mydivider/cnt_reg_n_0_[0]
    SLICE_X0Y100         LUT1 (Prop_lut1_I0_O)        0.045     1.877 r  mydivider/cnt[0]_i_3/O
                         net (fo=1, routed)           0.000     1.877    mydivider/cnt[0]_i_3_n_0
    SLICE_X0Y100         CARRY4 (Prop_carry4_S[0]_O[0])
                                                      0.070     1.947 r  mydivider/cnt_reg[0]_i_1/O[0]
                         net (fo=1, routed)           0.000     1.947    mydivider/cnt_reg[0]_i_1_n_7
    SLICE_X0Y100         FDCE                                         r  mydivider/cnt_reg[0]/D
  -------------------------------------------------------------------    -------------------

                         (clock clk rise edge)        0.000     0.000 r  
    E3                                                0.000     0.000 r  CLK100MHZ (IN)
                         net (fo=0)                   0.000     0.000    CLK100MHZ
    E3                   IBUF (Prop_ibuf_I_O)         0.438     0.438 r  CLK100MHZ_IBUF_inst/O
                         net (fo=1, routed)           0.699     1.136    CLK100MHZ_IBUF
    BUFGCTRL_X0Y16       BUFG (Prop_bufg_I_O)         0.029     1.165 r  CLK100MHZ_IBUF_BUFG_inst/O
                         net (fo=26, routed)          0.872     2.037    mydivider/clk
    SLICE_X0Y100         FDCE                                         r  mydivider/cnt_reg[0]/C
                         clock pessimism             -0.518     1.518    
    SLICE_X0Y100         FDCE (Hold_fdce_C_D)         0.105     1.623    mydivider/cnt_reg[0]
  -------------------------------------------------------------------
                         required time                         -1.623    
                         arrival time                           1.947    
  -------------------------------------------------------------------
                         slack                                  0.324    

Slack (MET) :             0.327ns  (arrival time - required time)
  Source:                 mydivider/cnt_reg[4]/C
                            (rising edge-triggered cell FDCE clocked by clk  {rise@0.000ns fall@5.000ns period=10.000ns})
  Destination:            mydivider/cnt_reg[4]/D
                            (rising edge-triggered cell FDCE clocked by clk  {rise@0.000ns fall@5.000ns period=10.000ns})
  Path Group:             clk
  Path Type:              Hold (Min at Fast Process Corner)
  Requirement:            0.000ns  (clk rise@0.000ns - clk rise@0.000ns)
  Data Path Delay:        0.432ns  (logic 0.256ns (59.199%)  route 0.176ns (40.801%))
  Logic Levels:           1  (CARRY4=1)
  Clock Path Skew:        0.000ns (DCD - SCD - CPR)
    Destination Clock Delay (DCD):    2.037ns
    Source Clock Delay      (SCD):    1.518ns
    Clock Pessimism Removal (CPR):    0.518ns

    Location             Delay type                Incr(ns)  Path(ns)    Netlist Resource(s)
  -------------------------------------------------------------------    -------------------
                         (clock clk rise edge)        0.000     0.000 r  
    E3                                                0.000     0.000 r  CLK100MHZ (IN)
                         net (fo=0)                   0.000     0.000    CLK100MHZ
    E3                   IBUF (Prop_ibuf_I_O)         0.250     0.250 r  CLK100MHZ_IBUF_inst/O
                         net (fo=1, routed)           0.644     0.894    CLK100MHZ_IBUF
    BUFGCTRL_X0Y16       BUFG (Prop_bufg_I_O)         0.026     0.920 r  CLK100MHZ_IBUF_BUFG_inst/O
                         net (fo=26, routed)          0.599     1.518    mydivider/clk
    SLICE_X0Y101         FDCE                                         r  mydivider/cnt_reg[4]/C
  -------------------------------------------------------------------    -------------------
    SLICE_X0Y101         FDCE (Prop_fdce_C_Q)         0.141     1.659 r  mydivider/cnt_reg[4]/Q
                         net (fo=1, routed)           0.176     1.836    mydivider/cnt_reg_n_0_[4]
    SLICE_X0Y101         CARRY4 (Prop_carry4_S[0]_O[0])
                                                      0.115     1.951 r  mydivider/cnt_reg[4]_i_1/O[0]
                         net (fo=1, routed)           0.000     1.951    mydivider/cnt_reg[4]_i_1_n_7
    SLICE_X0Y101         FDCE                                         r  mydivider/cnt_reg[4]/D
  -------------------------------------------------------------------    -------------------

                         (clock clk rise edge)        0.000     0.000 r  
    E3                                                0.000     0.000 r  CLK100MHZ (IN)
                         net (fo=0)                   0.000     0.000    CLK100MHZ
    E3                   IBUF (Prop_ibuf_I_O)         0.438     0.438 r  CLK100MHZ_IBUF_inst/O
                         net (fo=1, routed)           0.699     1.136    CLK100MHZ_IBUF
    BUFGCTRL_X0Y16       BUFG (Prop_bufg_I_O)         0.029     1.165 r  CLK100MHZ_IBUF_BUFG_inst/O
                         net (fo=26, routed)          0.872     2.037    mydivider/clk
    SLICE_X0Y101         FDCE                                         r  mydivider/cnt_reg[4]/C
                         clock pessimism             -0.518     1.518    
    SLICE_X0Y101         FDCE (Hold_fdce_C_D)         0.105     1.623    mydivider/cnt_reg[4]
  -------------------------------------------------------------------
                         required time                         -1.623    
                         arrival time                           1.951    
  -------------------------------------------------------------------
                         slack                                  0.327    

Slack (MET) :             0.327ns  (arrival time - required time)
  Source:                 mydivider/cnt_reg[12]/C
                            (rising edge-triggered cell FDCE clocked by clk  {rise@0.000ns fall@5.000ns period=10.000ns})
  Destination:            mydivider/cnt_reg[12]/D
                            (rising edge-triggered cell FDCE clocked by clk  {rise@0.000ns fall@5.000ns period=10.000ns})
  Path Group:             clk
  Path Type:              Hold (Min at Fast Process Corner)
  Requirement:            0.000ns  (clk rise@0.000ns - clk rise@0.000ns)
  Data Path Delay:        0.432ns  (logic 0.256ns (59.199%)  route 0.176ns (40.801%))
  Logic Levels:           1  (CARRY4=1)
  Clock Path Skew:        0.000ns (DCD - SCD - CPR)
    Destination Clock Delay (DCD):    2.036ns
    Source Clock Delay      (SCD):    1.517ns
    Clock Pessimism Removal (CPR):    0.518ns

    Location             Delay type                Incr(ns)  Path(ns)    Netlist Resource(s)
  -------------------------------------------------------------------    -------------------
                         (clock clk rise edge)        0.000     0.000 r  
    E3                                                0.000     0.000 r  CLK100MHZ (IN)
                         net (fo=0)                   0.000     0.000    CLK100MHZ
    E3                   IBUF (Prop_ibuf_I_O)         0.250     0.250 r  CLK100MHZ_IBUF_inst/O
                         net (fo=1, routed)           0.644     0.894    CLK100MHZ_IBUF
    BUFGCTRL_X0Y16       BUFG (Prop_bufg_I_O)         0.026     0.920 r  CLK100MHZ_IBUF_BUFG_inst/O
                         net (fo=26, routed)          0.598     1.517    mydivider/clk
    SLICE_X0Y103         FDCE                                         r  mydivider/cnt_reg[12]/C
  -------------------------------------------------------------------    -------------------
    SLICE_X0Y103         FDCE (Prop_fdce_C_Q)         0.141     1.658 r  mydivider/cnt_reg[12]/Q
                         net (fo=1, routed)           0.176     1.835    mydivider/cnt_reg_n_0_[12]
    SLICE_X0Y103         CARRY4 (Prop_carry4_S[0]_O[0])
                                                      0.115     1.950 r  mydivider/cnt_reg[12]_i_1/O[0]
                         net (fo=1, routed)           0.000     1.950    mydivider/cnt_reg[12]_i_1_n_7
    SLICE_X0Y103         FDCE                                         r  mydivider/cnt_reg[12]/D
  -------------------------------------------------------------------    -------------------

                         (clock clk rise edge)        0.000     0.000 r  
    E3                                                0.000     0.000 r  CLK100MHZ (IN)
                         net (fo=0)                   0.000     0.000    CLK100MHZ
    E3                   IBUF (Prop_ibuf_I_O)         0.438     0.438 r  CLK100MHZ_IBUF_inst/O
                         net (fo=1, routed)           0.699     1.136    CLK100MHZ_IBUF
    BUFGCTRL_X0Y16       BUFG (Prop_bufg_I_O)         0.029     1.165 r  CLK100MHZ_IBUF_BUFG_inst/O
                         net (fo=26, routed)          0.871     2.036    mydivider/clk
    SLICE_X0Y103         FDCE                                         r  mydivider/cnt_reg[12]/C
                         clock pessimism             -0.518     1.517    
    SLICE_X0Y103         FDCE (Hold_fdce_C_D)         0.105     1.622    mydivider/cnt_reg[12]
  -------------------------------------------------------------------
                         required time                         -1.622    
                         arrival time                           1.950    
  -------------------------------------------------------------------
                         slack                                  0.327    

Slack (MET) :             0.327ns  (arrival time - required time)
  Source:                 mydivider/cnt_reg[16]/C
                            (rising edge-triggered cell FDCE clocked by clk  {rise@0.000ns fall@5.000ns period=10.000ns})
  Destination:            mydivider/cnt_reg[16]/D
                            (rising edge-triggered cell FDCE clocked by clk  {rise@0.000ns fall@5.000ns period=10.000ns})
  Path Group:             clk
  Path Type:              Hold (Min at Fast Process Corner)
  Requirement:            0.000ns  (clk rise@0.000ns - clk rise@0.000ns)
  Data Path Delay:        0.432ns  (logic 0.256ns (59.199%)  route 0.176ns (40.801%))
  Logic Levels:           1  (CARRY4=1)
  Clock Path Skew:        0.000ns (DCD - SCD - CPR)
    Destination Clock Delay (DCD):    2.036ns
    Source Clock Delay      (SCD):    1.517ns
    Clock Pessimism Removal (CPR):    0.518ns

    Location             Delay type                Incr(ns)  Path(ns)    Netlist Resource(s)
  -------------------------------------------------------------------    -------------------
                         (clock clk rise edge)        0.000     0.000 r  
    E3                                                0.000     0.000 r  CLK100MHZ (IN)
                         net (fo=0)                   0.000     0.000    CLK100MHZ
    E3                   IBUF (Prop_ibuf_I_O)         0.250     0.250 r  CLK100MHZ_IBUF_inst/O
                         net (fo=1, routed)           0.644     0.894    CLK100MHZ_IBUF
    BUFGCTRL_X0Y16       BUFG (Prop_bufg_I_O)         0.026     0.920 r  CLK100MHZ_IBUF_BUFG_inst/O
                         net (fo=26, routed)          0.598     1.517    mydivider/clk
    SLICE_X0Y104         FDCE                                         r  mydivider/cnt_reg[16]/C
  -------------------------------------------------------------------    -------------------
    SLICE_X0Y104         FDCE (Prop_fdce_C_Q)         0.141     1.658 r  mydivider/cnt_reg[16]/Q
                         net (fo=1, routed)           0.176     1.835    mydivider/cnt_reg_n_0_[16]
    SLICE_X0Y104         CARRY4 (Prop_carry4_S[0]_O[0])
                                                      0.115     1.950 r  mydivider/cnt_reg[16]_i_1/O[0]
                         net (fo=1, routed)           0.000     1.950    mydivider/cnt_reg[16]_i_1_n_7
    SLICE_X0Y104         FDCE                                         r  mydivider/cnt_reg[16]/D
  -------------------------------------------------------------------    -------------------

                         (clock clk rise edge)        0.000     0.000 r  
    E3                                                0.000     0.000 r  CLK100MHZ (IN)
                         net (fo=0)                   0.000     0.000    CLK100MHZ
    E3                   IBUF (Prop_ibuf_I_O)         0.438     0.438 r  CLK100MHZ_IBUF_inst/O
                         net (fo=1, routed)           0.699     1.136    CLK100MHZ_IBUF
    BUFGCTRL_X0Y16       BUFG (Prop_bufg_I_O)         0.029     1.165 r  CLK100MHZ_IBUF_BUFG_inst/O
                         net (fo=26, routed)          0.871     2.036    mydivider/clk
    SLICE_X0Y104         FDCE                                         r  mydivider/cnt_reg[16]/C
                         clock pessimism             -0.518     1.517    
    SLICE_X0Y104         FDCE (Hold_fdce_C_D)         0.105     1.622    mydivider/cnt_reg[16]
  -------------------------------------------------------------------
                         required time                         -1.622    
                         arrival time                           1.950    
  -------------------------------------------------------------------
                         slack                                  0.327    

Slack (MET) :             0.327ns  (arrival time - required time)
  Source:                 mydivider/cnt_reg[20]/C
                            (rising edge-triggered cell FDCE clocked by clk  {rise@0.000ns fall@5.000ns period=10.000ns})
  Destination:            mydivider/cnt_reg[20]/D
                            (rising edge-triggered cell FDCE clocked by clk  {rise@0.000ns fall@5.000ns period=10.000ns})
  Path Group:             clk
  Path Type:              Hold (Min at Fast Process Corner)
  Requirement:            0.000ns  (clk rise@0.000ns - clk rise@0.000ns)
  Data Path Delay:        0.432ns  (logic 0.256ns (59.199%)  route 0.176ns (40.801%))
  Logic Levels:           1  (CARRY4=1)
  Clock Path Skew:        0.000ns (DCD - SCD - CPR)
    Destination Clock Delay (DCD):    2.036ns
    Source Clock Delay      (SCD):    1.517ns
    Clock Pessimism Removal (CPR):    0.518ns

    Location             Delay type                Incr(ns)  Path(ns)    Netlist Resource(s)
  -------------------------------------------------------------------    -------------------
                         (clock clk rise edge)        0.000     0.000 r  
    E3                                                0.000     0.000 r  CLK100MHZ (IN)
                         net (fo=0)                   0.000     0.000    CLK100MHZ
    E3                   IBUF (Prop_ibuf_I_O)         0.250     0.250 r  CLK100MHZ_IBUF_inst/O
                         net (fo=1, routed)           0.644     0.894    CLK100MHZ_IBUF
    BUFGCTRL_X0Y16       BUFG (Prop_bufg_I_O)         0.026     0.920 r  CLK100MHZ_IBUF_BUFG_inst/O
                         net (fo=26, routed)          0.598     1.517    mydivider/clk
    SLICE_X0Y105         FDCE                                         r  mydivider/cnt_reg[20]/C
  -------------------------------------------------------------------    -------------------
    SLICE_X0Y105         FDCE (Prop_fdce_C_Q)         0.141     1.658 r  mydivider/cnt_reg[20]/Q
                         net (fo=1, routed)           0.176     1.835    mydivider/cnt_reg_n_0_[20]
    SLICE_X0Y105         CARRY4 (Prop_carry4_S[0]_O[0])
                                                      0.115     1.950 r  mydivider/cnt_reg[20]_i_1/O[0]
                         net (fo=1, routed)           0.000     1.950    mydivider/cnt_reg[20]_i_1_n_7
    SLICE_X0Y105         FDCE                                         r  mydivider/cnt_reg[20]/D
  -------------------------------------------------------------------    -------------------

                         (clock clk rise edge)        0.000     0.000 r  
    E3                                                0.000     0.000 r  CLK100MHZ (IN)
                         net (fo=0)                   0.000     0.000    CLK100MHZ
    E3                   IBUF (Prop_ibuf_I_O)         0.438     0.438 r  CLK100MHZ_IBUF_inst/O
                         net (fo=1, routed)           0.699     1.136    CLK100MHZ_IBUF
    BUFGCTRL_X0Y16       BUFG (Prop_bufg_I_O)         0.029     1.165 r  CLK100MHZ_IBUF_BUFG_inst/O
                         net (fo=26, routed)          0.871     2.036    mydivider/clk
    SLICE_X0Y105         FDCE                                         r  mydivider/cnt_reg[20]/C
                         clock pessimism             -0.518     1.517    
    SLICE_X0Y105         FDCE (Hold_fdce_C_D)         0.105     1.622    mydivider/cnt_reg[20]
  -------------------------------------------------------------------
                         required time                         -1.622    
                         arrival time                           1.950    
  -------------------------------------------------------------------
                         slack                                  0.327    

Slack (MET) :             0.327ns  (arrival time - required time)
  Source:                 mydivider/cnt_reg[24]/C
                            (rising edge-triggered cell FDCE clocked by clk  {rise@0.000ns fall@5.000ns period=10.000ns})
  Destination:            mydivider/cnt_reg[24]/D
                            (rising edge-triggered cell FDCE clocked by clk  {rise@0.000ns fall@5.000ns period=10.000ns})
  Path Group:             clk
  Path Type:              Hold (Min at Fast Process Corner)
  Requirement:            0.000ns  (clk rise@0.000ns - clk rise@0.000ns)
  Data Path Delay:        0.432ns  (logic 0.256ns (59.199%)  route 0.176ns (40.801%))
  Logic Levels:           1  (CARRY4=1)
  Clock Path Skew:        0.000ns (DCD - SCD - CPR)
    Destination Clock Delay (DCD):    2.036ns
    Source Clock Delay      (SCD):    1.517ns
    Clock Pessimism Removal (CPR):    0.518ns

    Location             Delay type                Incr(ns)  Path(ns)    Netlist Resource(s)
  -------------------------------------------------------------------    -------------------
                         (clock clk rise edge)        0.000     0.000 r  
    E3                                                0.000     0.000 r  CLK100MHZ (IN)
                         net (fo=0)                   0.000     0.000    CLK100MHZ
    E3                   IBUF (Prop_ibuf_I_O)         0.250     0.250 r  CLK100MHZ_IBUF_inst/O
                         net (fo=1, routed)           0.644     0.894    CLK100MHZ_IBUF
    BUFGCTRL_X0Y16       BUFG (Prop_bufg_I_O)         0.026     0.920 r  CLK100MHZ_IBUF_BUFG_inst/O
                         net (fo=26, routed)          0.598     1.517    mydivider/clk
    SLICE_X0Y106         FDCE                                         r  mydivider/cnt_reg[24]/C
  -------------------------------------------------------------------    -------------------
    SLICE_X0Y106         FDCE (Prop_fdce_C_Q)         0.141     1.658 r  mydivider/cnt_reg[24]/Q
                         net (fo=1, routed)           0.176     1.835    mydivider/cnt_reg_n_0_[24]
    SLICE_X0Y106         CARRY4 (Prop_carry4_S[0]_O[0])
                                                      0.115     1.950 r  mydivider/cnt_reg[24]_i_1/O[0]
                         net (fo=1, routed)           0.000     1.950    mydivider/cnt_reg[24]_i_1_n_7
    SLICE_X0Y106         FDCE                                         r  mydivider/cnt_reg[24]/D
  -------------------------------------------------------------------    -------------------

                         (clock clk rise edge)        0.000     0.000 r  
    E3                                                0.000     0.000 r  CLK100MHZ (IN)
                         net (fo=0)                   0.000     0.000    CLK100MHZ
    E3                   IBUF (Prop_ibuf_I_O)         0.438     0.438 r  CLK100MHZ_IBUF_inst/O
                         net (fo=1, routed)           0.699     1.136    CLK100MHZ_IBUF
    BUFGCTRL_X0Y16       BUFG (Prop_bufg_I_O)         0.029     1.165 r  CLK100MHZ_IBUF_BUFG_inst/O
                         net (fo=26, routed)          0.871     2.036    mydivider/clk
    SLICE_X0Y106         FDCE                                         r  mydivider/cnt_reg[24]/C
                         clock pessimism             -0.518     1.517    
    SLICE_X0Y106         FDCE (Hold_fdce_C_D)         0.105     1.622    mydivider/cnt_reg[24]
  -------------------------------------------------------------------
                         required time                         -1.622    
                         arrival time                           1.950    
  -------------------------------------------------------------------
                         slack                                  0.327    

Slack (MET) :             0.360ns  (arrival time - required time)
  Source:                 mydivider/cnt_reg[0]/C
                            (rising edge-triggered cell FDCE clocked by clk  {rise@0.000ns fall@5.000ns period=10.000ns})
  Destination:            mydivider/cnt_reg[1]/D
                            (rising edge-triggered cell FDCE clocked by clk  {rise@0.000ns fall@5.000ns period=10.000ns})
  Path Group:             clk
  Path Type:              Hold (Min at Fast Process Corner)
  Requirement:            0.000ns  (clk rise@0.000ns - clk rise@0.000ns)
  Data Path Delay:        0.465ns  (logic 0.292ns (62.850%)  route 0.173ns (37.150%))
  Logic Levels:           2  (CARRY4=1 LUT1=1)
  Clock Path Skew:        0.000ns (DCD - SCD - CPR)
    Destination Clock Delay (DCD):    2.037ns
    Source Clock Delay      (SCD):    1.518ns
    Clock Pessimism Removal (CPR):    0.518ns

    Location             Delay type                Incr(ns)  Path(ns)    Netlist Resource(s)
  -------------------------------------------------------------------    -------------------
                         (clock clk rise edge)        0.000     0.000 r  
    E3                                                0.000     0.000 r  CLK100MHZ (IN)
                         net (fo=0)                   0.000     0.000    CLK100MHZ
    E3                   IBUF (Prop_ibuf_I_O)         0.250     0.250 r  CLK100MHZ_IBUF_inst/O
                         net (fo=1, routed)           0.644     0.894    CLK100MHZ_IBUF
    BUFGCTRL_X0Y16       BUFG (Prop_bufg_I_O)         0.026     0.920 r  CLK100MHZ_IBUF_BUFG_inst/O
                         net (fo=26, routed)          0.599     1.518    mydivider/clk
    SLICE_X0Y100         FDCE                                         r  mydivider/cnt_reg[0]/C
  -------------------------------------------------------------------    -------------------
    SLICE_X0Y100         FDCE (Prop_fdce_C_Q)         0.141     1.659 f  mydivider/cnt_reg[0]/Q
                         net (fo=1, routed)           0.173     1.832    mydivider/cnt_reg_n_0_[0]
    SLICE_X0Y100         LUT1 (Prop_lut1_I0_O)        0.045     1.877 r  mydivider/cnt[0]_i_3/O
                         net (fo=1, routed)           0.000     1.877    mydivider/cnt[0]_i_3_n_0
    SLICE_X0Y100         CARRY4 (Prop_carry4_S[0]_O[1])
                                                      0.106     1.983 r  mydivider/cnt_reg[0]_i_1/O[1]
                         net (fo=1, routed)           0.000     1.983    mydivider/cnt_reg[0]_i_1_n_6
    SLICE_X0Y100         FDCE                                         r  mydivider/cnt_reg[1]/D
  -------------------------------------------------------------------    -------------------

                         (clock clk rise edge)        0.000     0.000 r  
    E3                                                0.000     0.000 r  CLK100MHZ (IN)
                         net (fo=0)                   0.000     0.000    CLK100MHZ
    E3                   IBUF (Prop_ibuf_I_O)         0.438     0.438 r  CLK100MHZ_IBUF_inst/O
                         net (fo=1, routed)           0.699     1.136    CLK100MHZ_IBUF
    BUFGCTRL_X0Y16       BUFG (Prop_bufg_I_O)         0.029     1.165 r  CLK100MHZ_IBUF_BUFG_inst/O
                         net (fo=26, routed)          0.872     2.037    mydivider/clk
    SLICE_X0Y100         FDCE                                         r  mydivider/cnt_reg[1]/C
                         clock pessimism             -0.518     1.518    
    SLICE_X0Y100         FDCE (Hold_fdce_C_D)         0.105     1.623    mydivider/cnt_reg[1]
  -------------------------------------------------------------------
                         required time                         -1.623    
                         arrival time                           1.983    
  -------------------------------------------------------------------
                         slack                                  0.360    

Slack (MET) :             0.363ns  (arrival time - required time)
  Source:                 mydivider/cnt_reg[4]/C
                            (rising edge-triggered cell FDCE clocked by clk  {rise@0.000ns fall@5.000ns period=10.000ns})
  Destination:            mydivider/cnt_reg[5]/D
                            (rising edge-triggered cell FDCE clocked by clk  {rise@0.000ns fall@5.000ns period=10.000ns})
  Path Group:             clk
  Path Type:              Hold (Min at Fast Process Corner)
  Requirement:            0.000ns  (clk rise@0.000ns - clk rise@0.000ns)
  Data Path Delay:        0.468ns  (logic 0.292ns (62.334%)  route 0.176ns (37.666%))
  Logic Levels:           1  (CARRY4=1)
  Clock Path Skew:        0.000ns (DCD - SCD - CPR)
    Destination Clock Delay (DCD):    2.037ns
    Source Clock Delay      (SCD):    1.518ns
    Clock Pessimism Removal (CPR):    0.518ns

    Location             Delay type                Incr(ns)  Path(ns)    Netlist Resource(s)
  -------------------------------------------------------------------    -------------------
                         (clock clk rise edge)        0.000     0.000 r  
    E3                                                0.000     0.000 r  CLK100MHZ (IN)
                         net (fo=0)                   0.000     0.000    CLK100MHZ
    E3                   IBUF (Prop_ibuf_I_O)         0.250     0.250 r  CLK100MHZ_IBUF_inst/O
                         net (fo=1, routed)           0.644     0.894    CLK100MHZ_IBUF
    BUFGCTRL_X0Y16       BUFG (Prop_bufg_I_O)         0.026     0.920 r  CLK100MHZ_IBUF_BUFG_inst/O
                         net (fo=26, routed)          0.599     1.518    mydivider/clk
    SLICE_X0Y101         FDCE                                         r  mydivider/cnt_reg[4]/C
  -------------------------------------------------------------------    -------------------
    SLICE_X0Y101         FDCE (Prop_fdce_C_Q)         0.141     1.659 r  mydivider/cnt_reg[4]/Q
                         net (fo=1, routed)           0.176     1.836    mydivider/cnt_reg_n_0_[4]
    SLICE_X0Y101         CARRY4 (Prop_carry4_S[0]_O[1])
                                                      0.151     1.987 r  mydivider/cnt_reg[4]_i_1/O[1]
                         net (fo=1, routed)           0.000     1.987    mydivider/cnt_reg[4]_i_1_n_6
    SLICE_X0Y101         FDCE                                         r  mydivider/cnt_reg[5]/D
  -------------------------------------------------------------------    -------------------

                         (clock clk rise edge)        0.000     0.000 r  
    E3                                                0.000     0.000 r  CLK100MHZ (IN)
                         net (fo=0)                   0.000     0.000    CLK100MHZ
    E3                   IBUF (Prop_ibuf_I_O)         0.438     0.438 r  CLK100MHZ_IBUF_inst/O
                         net (fo=1, routed)           0.699     1.136    CLK100MHZ_IBUF
    BUFGCTRL_X0Y16       BUFG (Prop_bufg_I_O)         0.029     1.165 r  CLK100MHZ_IBUF_BUFG_inst/O
                         net (fo=26, routed)          0.872     2.037    mydivider/clk
    SLICE_X0Y101         FDCE                                         r  mydivider/cnt_reg[5]/C
                         clock pessimism             -0.518     1.518    
    SLICE_X0Y101         FDCE (Hold_fdce_C_D)         0.105     1.623    mydivider/cnt_reg[5]
  -------------------------------------------------------------------
                         required time                         -1.623    
                         arrival time                           1.987    
  -------------------------------------------------------------------
                         slack                                  0.363    

Slack (MET) :             0.363ns  (arrival time - required time)
  Source:                 mydivider/cnt_reg[12]/C
                            (rising edge-triggered cell FDCE clocked by clk  {rise@0.000ns fall@5.000ns period=10.000ns})
  Destination:            mydivider/cnt_reg[13]/D
                            (rising edge-triggered cell FDCE clocked by clk  {rise@0.000ns fall@5.000ns period=10.000ns})
  Path Group:             clk
  Path Type:              Hold (Min at Fast Process Corner)
  Requirement:            0.000ns  (clk rise@0.000ns - clk rise@0.000ns)
  Data Path Delay:        0.468ns  (logic 0.292ns (62.334%)  route 0.176ns (37.666%))
  Logic Levels:           1  (CARRY4=1)
  Clock Path Skew:        0.000ns (DCD - SCD - CPR)
    Destination Clock Delay (DCD):    2.036ns
    Source Clock Delay      (SCD):    1.517ns
    Clock Pessimism Removal (CPR):    0.518ns

    Location             Delay type                Incr(ns)  Path(ns)    Netlist Resource(s)
  -------------------------------------------------------------------    -------------------
                         (clock clk rise edge)        0.000     0.000 r  
    E3                                                0.000     0.000 r  CLK100MHZ (IN)
                         net (fo=0)                   0.000     0.000    CLK100MHZ
    E3                   IBUF (Prop_ibuf_I_O)         0.250     0.250 r  CLK100MHZ_IBUF_inst/O
                         net (fo=1, routed)           0.644     0.894    CLK100MHZ_IBUF
    BUFGCTRL_X0Y16       BUFG (Prop_bufg_I_O)         0.026     0.920 r  CLK100MHZ_IBUF_BUFG_inst/O
                         net (fo=26, routed)          0.598     1.517    mydivider/clk
    SLICE_X0Y103         FDCE                                         r  mydivider/cnt_reg[12]/C
  -------------------------------------------------------------------    -------------------
    SLICE_X0Y103         FDCE (Prop_fdce_C_Q)         0.141     1.658 r  mydivider/cnt_reg[12]/Q
                         net (fo=1, routed)           0.176     1.835    mydivider/cnt_reg_n_0_[12]
    SLICE_X0Y103         CARRY4 (Prop_carry4_S[0]_O[1])
                                                      0.151     1.986 r  mydivider/cnt_reg[12]_i_1/O[1]
                         net (fo=1, routed)           0.000     1.986    mydivider/cnt_reg[12]_i_1_n_6
    SLICE_X0Y103         FDCE                                         r  mydivider/cnt_reg[13]/D
  -------------------------------------------------------------------    -------------------

                         (clock clk rise edge)        0.000     0.000 r  
    E3                                                0.000     0.000 r  CLK100MHZ (IN)
                         net (fo=0)                   0.000     0.000    CLK100MHZ
    E3                   IBUF (Prop_ibuf_I_O)         0.438     0.438 r  CLK100MHZ_IBUF_inst/O
                         net (fo=1, routed)           0.699     1.136    CLK100MHZ_IBUF
    BUFGCTRL_X0Y16       BUFG (Prop_bufg_I_O)         0.029     1.165 r  CLK100MHZ_IBUF_BUFG_inst/O
                         net (fo=26, routed)          0.871     2.036    mydivider/clk
    SLICE_X0Y103         FDCE                                         r  mydivider/cnt_reg[13]/C
                         clock pessimism             -0.518     1.517    
    SLICE_X0Y103         FDCE (Hold_fdce_C_D)         0.105     1.622    mydivider/cnt_reg[13]
  -------------------------------------------------------------------
                         required time                         -1.622    
                         arrival time                           1.986    
  -------------------------------------------------------------------
                         slack                                  0.363    

Slack (MET) :             0.363ns  (arrival time - required time)
  Source:                 mydivider/cnt_reg[16]/C
                            (rising edge-triggered cell FDCE clocked by clk  {rise@0.000ns fall@5.000ns period=10.000ns})
  Destination:            mydivider/cnt_reg[17]/D
                            (rising edge-triggered cell FDCE clocked by clk  {rise@0.000ns fall@5.000ns period=10.000ns})
  Path Group:             clk
  Path Type:              Hold (Min at Fast Process Corner)
  Requirement:            0.000ns  (clk rise@0.000ns - clk rise@0.000ns)
  Data Path Delay:        0.468ns  (logic 0.292ns (62.334%)  route 0.176ns (37.666%))
  Logic Levels:           1  (CARRY4=1)
  Clock Path Skew:        0.000ns (DCD - SCD - CPR)
    Destination Clock Delay (DCD):    2.036ns
    Source Clock Delay      (SCD):    1.517ns
    Clock Pessimism Removal (CPR):    0.518ns

    Location             Delay type                Incr(ns)  Path(ns)    Netlist Resource(s)
  -------------------------------------------------------------------    -------------------
                         (clock clk rise edge)        0.000     0.000 r  
    E3                                                0.000     0.000 r  CLK100MHZ (IN)
                         net (fo=0)                   0.000     0.000    CLK100MHZ
    E3                   IBUF (Prop_ibuf_I_O)         0.250     0.250 r  CLK100MHZ_IBUF_inst/O
                         net (fo=1, routed)           0.644     0.894    CLK100MHZ_IBUF
    BUFGCTRL_X0Y16       BUFG (Prop_bufg_I_O)         0.026     0.920 r  CLK100MHZ_IBUF_BUFG_inst/O
                         net (fo=26, routed)          0.598     1.517    mydivider/clk
    SLICE_X0Y104         FDCE                                         r  mydivider/cnt_reg[16]/C
  -------------------------------------------------------------------    -------------------
    SLICE_X0Y104         FDCE (Prop_fdce_C_Q)         0.141     1.658 r  mydivider/cnt_reg[16]/Q
                         net (fo=1, routed)           0.176     1.835    mydivider/cnt_reg_n_0_[16]
    SLICE_X0Y104         CARRY4 (Prop_carry4_S[0]_O[1])
                                                      0.151     1.986 r  mydivider/cnt_reg[16]_i_1/O[1]
                         net (fo=1, routed)           0.000     1.986    mydivider/cnt_reg[16]_i_1_n_6
    SLICE_X0Y104         FDCE                                         r  mydivider/cnt_reg[17]/D
  -------------------------------------------------------------------    -------------------

                         (clock clk rise edge)        0.000     0.000 r  
    E3                                                0.000     0.000 r  CLK100MHZ (IN)
                         net (fo=0)                   0.000     0.000    CLK100MHZ
    E3                   IBUF (Prop_ibuf_I_O)         0.438     0.438 r  CLK100MHZ_IBUF_inst/O
                         net (fo=1, routed)           0.699     1.136    CLK100MHZ_IBUF
    BUFGCTRL_X0Y16       BUFG (Prop_bufg_I_O)         0.029     1.165 r  CLK100MHZ_IBUF_BUFG_inst/O
                         net (fo=26, routed)          0.871     2.036    mydivider/clk
    SLICE_X0Y104         FDCE                                         r  mydivider/cnt_reg[17]/C
                         clock pessimism             -0.518     1.517    
    SLICE_X0Y104         FDCE (Hold_fdce_C_D)         0.105     1.622    mydivider/cnt_reg[17]
  -------------------------------------------------------------------
                         required time                         -1.622    
                         arrival time                           1.986    
  -------------------------------------------------------------------
                         slack                                  0.363    





Pulse Width Checks
--------------------------------------------------------------------------------------
Clock Name:         clk
Waveform(ns):       { 0.000 5.000 }
Period(ns):         10.000
Sources:            { CLK100MHZ }

Check Type        Corner  Lib Pin  Reference Pin  Required(ns)  Actual(ns)  Slack(ns)  Location        Pin
Min Period        n/a     BUFG/I   n/a            2.155         10.000      7.845      BUFGCTRL_X0Y16  CLK100MHZ_IBUF_BUFG_inst/I
Min Period        n/a     FDCE/C   n/a            1.000         10.000      9.000      SLICE_X0Y100    mydivider/cnt_reg[0]/C
Min Period        n/a     FDCE/C   n/a            1.000         10.000      9.000      SLICE_X0Y102    mydivider/cnt_reg[10]/C
Min Period        n/a     FDCE/C   n/a            1.000         10.000      9.000      SLICE_X0Y102    mydivider/cnt_reg[11]/C
Min Period        n/a     FDCE/C   n/a            1.000         10.000      9.000      SLICE_X0Y103    mydivider/cnt_reg[12]/C
Min Period        n/a     FDCE/C   n/a            1.000         10.000      9.000      SLICE_X0Y103    mydivider/cnt_reg[13]/C
Min Period        n/a     FDCE/C   n/a            1.000         10.000      9.000      SLICE_X0Y103    mydivider/cnt_reg[14]/C
Min Period        n/a     FDCE/C   n/a            1.000         10.000      9.000      SLICE_X0Y103    mydivider/cnt_reg[15]/C
Min Period        n/a     FDCE/C   n/a            1.000         10.000      9.000      SLICE_X0Y104    mydivider/cnt_reg[16]/C
Min Period        n/a     FDCE/C   n/a            1.000         10.000      9.000      SLICE_X0Y104    mydivider/cnt_reg[17]/C
Low Pulse Width   Slow    FDCE/C   n/a            0.500         5.000       4.500      SLICE_X0Y100    mydivider/cnt_reg[0]/C
Low Pulse Width   Slow    FDCE/C   n/a            0.500         5.000       4.500      SLICE_X0Y102    mydivider/cnt_reg[10]/C
Low Pulse Width   Slow    FDCE/C   n/a            0.500         5.000       4.500      SLICE_X0Y102    mydivider/cnt_reg[11]/C
Low Pulse Width   Slow    FDCE/C   n/a            0.500         5.000       4.500      SLICE_X0Y103    mydivider/cnt_reg[12]/C
Low Pulse Width   Slow    FDCE/C   n/a            0.500         5.000       4.500      SLICE_X0Y103    mydivider/cnt_reg[13]/C
Low Pulse Width   Slow    FDCE/C   n/a            0.500         5.000       4.500      SLICE_X0Y103    mydivider/cnt_reg[14]/C
Low Pulse Width   Slow    FDCE/C   n/a            0.500         5.000       4.500      SLICE_X0Y103    mydivider/cnt_reg[15]/C
Low Pulse Width   Slow    FDCE/C   n/a            0.500         5.000       4.500      SLICE_X0Y104    mydivider/cnt_reg[16]/C
Low Pulse Width   Slow    FDCE/C   n/a            0.500         5.000       4.500      SLICE_X0Y104    mydivider/cnt_reg[17]/C
Low Pulse Width   Slow    FDCE/C   n/a            0.500         5.000       4.500      SLICE_X0Y104    mydivider/cnt_reg[18]/C
High Pulse Width  Slow    FDCE/C   n/a            0.500         5.000       4.500      SLICE_X0Y100    mydivider/cnt_reg[0]/C
High Pulse Width  Slow    FDCE/C   n/a            0.500         5.000       4.500      SLICE_X0Y102    mydivider/cnt_reg[10]/C
High Pulse Width  Slow    FDCE/C   n/a            0.500         5.000       4.500      SLICE_X0Y102    mydivider/cnt_reg[11]/C
High Pulse Width  Slow    FDCE/C   n/a            0.500         5.000       4.500      SLICE_X0Y103    mydivider/cnt_reg[12]/C
High Pulse Width  Slow    FDCE/C   n/a            0.500         5.000       4.500      SLICE_X0Y103    mydivider/cnt_reg[13]/C
High Pulse Width  Slow    FDCE/C   n/a            0.500         5.000       4.500      SLICE_X0Y103    mydivider/cnt_reg[14]/C
High Pulse Width  Slow    FDCE/C   n/a            0.500         5.000       4.500      SLICE_X0Y103    mydivider/cnt_reg[15]/C
High Pulse Width  Slow    FDCE/C   n/a            0.500         5.000       4.500      SLICE_X0Y104    mydivider/cnt_reg[16]/C
High Pulse Width  Slow    FDCE/C   n/a            0.500         5.000       4.500      SLICE_X0Y104    mydivider/cnt_reg[17]/C
High Pulse Width  Slow    FDCE/C   n/a            0.500         5.000       4.500      SLICE_X0Y104    mydivider/cnt_reg[18]/C



