
*** Running vivado
    with args -log counterBCDseven.vds -m64 -product Vivado -mode batch -messageDb vivado.pb -notrace -source counterBCDseven.tcl


****** Vivado v2019.1 (64-bit)
  **** SW Build 2552052 on Fri May 24 14:49:42 MDT 2019
  **** IP Build 2548770 on Fri May 24 18:01:18 MDT 2019
    ** Copyright 1986-2019 Xilinx, Inc. All Rights Reserved.

source counterBCDseven.tcl -notrace
Command: synth_design -top counterBCDseven -part xc7a100tcsg324-1
Starting synth_design
Attempting to get a license for feature 'Synthesis' and/or device 'xc7a100t'
INFO: [Common 17-349] Got license for feature 'Synthesis' and/or device 'xc7a100t'
INFO: [Device 21-403] Loading part xc7a100tcsg324-1
INFO: Launching helper process for spawning children vivado processes
INFO: Helper process launched with PID 13832 
---------------------------------------------------------------------------------
Starting RTL Elaboration : Time (s): cpu = 00:00:06 ; elapsed = 00:00:06 . Memory (MB): peak = 689.609 ; gain = 178.648
---------------------------------------------------------------------------------
INFO: [Synth 8-6157] synthesizing module 'counterBCDseven' [C:/Users/Emir/Desktop/Lab4/project_2/project_2.srcs/sources_1/new/lab4.v:91]
INFO: [Synth 8-6157] synthesizing module 'DIG_D_FF_1bit' [C:/Users/Emir/Desktop/Lab4/project_2/project_2.srcs/sources_1/new/lab4.v:5]
	Parameter Default bound to: 0 - type: integer 
INFO: [Synth 8-6155] done synthesizing module 'DIG_D_FF_1bit' (1#1) [C:/Users/Emir/Desktop/Lab4/project_2/project_2.srcs/sources_1/new/lab4.v:5]
INFO: [Synth 8-6157] synthesizing module 'CompUnsigned' [C:/Users/Emir/Desktop/Lab4/project_2/project_2.srcs/sources_1/new/lab4.v:30]
	Parameter Bits bound to: 4 - type: integer 
INFO: [Synth 8-6155] done synthesizing module 'CompUnsigned' (2#1) [C:/Users/Emir/Desktop/Lab4/project_2/project_2.srcs/sources_1/new/lab4.v:30]
WARNING: [Synth 8-7023] instance 'CompUnsigned_i4' of module 'CompUnsigned' has 5 connections declared, but only 3 given [C:/Users/Emir/Desktop/Lab4/project_2/project_2.srcs/sources_1/new/lab4.v:175]
INFO: [Synth 8-6157] synthesizing module 'Mux_2x1' [C:/Users/Emir/Desktop/Lab4/project_2/project_2.srcs/sources_1/new/lab4.v:46]
INFO: [Synth 8-226] default block is never used [C:/Users/Emir/Desktop/Lab4/project_2/project_2.srcs/sources_1/new/lab4.v:54]
INFO: [Synth 8-6155] done synthesizing module 'Mux_2x1' (3#1) [C:/Users/Emir/Desktop/Lab4/project_2/project_2.srcs/sources_1/new/lab4.v:46]
INFO: [Synth 8-6157] synthesizing module 'bin2seven' [C:/Users/Emir/Desktop/Lab4/project_2/project_2.srcs/sources_1/new/lab4.v:63]
INFO: [Synth 8-226] default block is never used [C:/Users/Emir/Desktop/Lab4/project_2/project_2.srcs/sources_1/new/lab4.v:69]
INFO: [Synth 8-6155] done synthesizing module 'bin2seven' (4#1) [C:/Users/Emir/Desktop/Lab4/project_2/project_2.srcs/sources_1/new/lab4.v:63]
INFO: [Synth 8-6155] done synthesizing module 'counterBCDseven' (5#1) [C:/Users/Emir/Desktop/Lab4/project_2/project_2.srcs/sources_1/new/lab4.v:91]
WARNING: [Synth 8-3917] design counterBCDseven has port AN[7] driven by constant 1
WARNING: [Synth 8-3917] design counterBCDseven has port AN[6] driven by constant 1
WARNING: [Synth 8-3917] design counterBCDseven has port AN[5] driven by constant 1
WARNING: [Synth 8-3917] design counterBCDseven has port AN[4] driven by constant 1
WARNING: [Synth 8-3917] design counterBCDseven has port AN[3] driven by constant 1
WARNING: [Synth 8-3917] design counterBCDseven has port AN[2] driven by constant 1
WARNING: [Synth 8-3917] design counterBCDseven has port AN[1] driven by constant 1
WARNING: [Synth 8-3917] design counterBCDseven has port AN[0] driven by constant 0
---------------------------------------------------------------------------------
Finished RTL Elaboration : Time (s): cpu = 00:00:08 ; elapsed = 00:00:09 . Memory (MB): peak = 753.875 ; gain = 242.914
---------------------------------------------------------------------------------

Report Check Netlist: 
+------+------------------+-------+---------+-------+------------------+
|      |Item              |Errors |Warnings |Status |Description       |
+------+------------------+-------+---------+-------+------------------+
|1     |multi_driven_nets |      0|        0|Passed |Multi driven nets |
+------+------------------+-------+---------+-------+------------------+
---------------------------------------------------------------------------------
Start Handling Custom Attributes
---------------------------------------------------------------------------------
---------------------------------------------------------------------------------
Finished Handling Custom Attributes : Time (s): cpu = 00:00:08 ; elapsed = 00:00:09 . Memory (MB): peak = 753.875 ; gain = 242.914
---------------------------------------------------------------------------------
---------------------------------------------------------------------------------
Finished RTL Optimization Phase 1 : Time (s): cpu = 00:00:08 ; elapsed = 00:00:09 . Memory (MB): peak = 753.875 ; gain = 242.914
---------------------------------------------------------------------------------
INFO: [Project 1-570] Preparing netlist for logic optimization

Processing XDC Constraints
Initializing timing engine
Parsing XDC File [C:/Users/Emir/Desktop/Lab4/project_2/project_2.srcs/constrs_1/new/lab4.xdc]
WARNING: [Vivado 12-507] No nets matched 'CLK_IBUF'. [C:/Users/Emir/Desktop/Lab4/project_2/project_2.srcs/constrs_1/new/lab4.xdc:3]
CRITICAL WARNING: [Common 17-55] 'set_property' expects at least one object. [C:/Users/Emir/Desktop/Lab4/project_2/project_2.srcs/constrs_1/new/lab4.xdc:3]
Resolution: If [get_<value>] was used to populate the object, check to make sure this command returns at least one valid object.
Finished Parsing XDC File [C:/Users/Emir/Desktop/Lab4/project_2/project_2.srcs/constrs_1/new/lab4.xdc]
INFO: [Project 1-236] Implementation specific constraints were found while reading constraint file [C:/Users/Emir/Desktop/Lab4/project_2/project_2.srcs/constrs_1/new/lab4.xdc]. These constraints will be ignored for synthesis but will be used in implementation. Impacted constraints are listed in the file [.Xil/counterBCDseven_propImpl.xdc].
Resolution: To avoid this warning, move constraints listed in [.Xil/counterBCDseven_propImpl.xdc] to another XDC file and exclude this new file from synthesis with the used_in_synthesis property (File Properties dialog in GUI) and re-run elaboration/synthesis.
Completed Processing XDC Constraints

Netlist sorting complete. Time (s): cpu = 00:00:00 ; elapsed = 00:00:00 . Memory (MB): peak = 843.594 ; gain = 0.000
INFO: [Project 1-111] Unisim Transformation Summary:
No Unisim elements were transformed.

Constraint Validation Runtime : Time (s): cpu = 00:00:00 ; elapsed = 00:00:00.003 . Memory (MB): peak = 843.594 ; gain = 0.000
---------------------------------------------------------------------------------
Finished Constraint Validation : Time (s): cpu = 00:00:17 ; elapsed = 00:00:19 . Memory (MB): peak = 843.594 ; gain = 332.633
---------------------------------------------------------------------------------
---------------------------------------------------------------------------------
Start Loading Part and Timing Information
---------------------------------------------------------------------------------
Loading part: xc7a100tcsg324-1
---------------------------------------------------------------------------------
Finished Loading Part and Timing Information : Time (s): cpu = 00:00:17 ; elapsed = 00:00:19 . Memory (MB): peak = 843.594 ; gain = 332.633
---------------------------------------------------------------------------------
---------------------------------------------------------------------------------
Start Applying 'set_property' XDC Constraints
---------------------------------------------------------------------------------
---------------------------------------------------------------------------------
Finished applying 'set_property' XDC Constraints : Time (s): cpu = 00:00:17 ; elapsed = 00:00:19 . Memory (MB): peak = 843.594 ; gain = 332.633
---------------------------------------------------------------------------------
---------------------------------------------------------------------------------
Finished RTL Optimization Phase 2 : Time (s): cpu = 00:00:17 ; elapsed = 00:00:19 . Memory (MB): peak = 843.594 ; gain = 332.633
---------------------------------------------------------------------------------

Report RTL Partitions: 
+-+--------------+------------+----------+
| |RTL Partition |Replication |Instances |
+-+--------------+------------+----------+
+-+--------------+------------+----------+
---------------------------------------------------------------------------------
Start RTL Component Statistics 
---------------------------------------------------------------------------------
Detailed RTL Component Info : 
+---Registers : 
	                1 Bit    Registers := 4     
+---Muxes : 
	   2 Input      1 Bit        Muxes := 3     
---------------------------------------------------------------------------------
Finished RTL Component Statistics 
---------------------------------------------------------------------------------
---------------------------------------------------------------------------------
Start RTL Hierarchical Component Statistics 
---------------------------------------------------------------------------------
Hierarchical RTL Component report 
Module DIG_D_FF_1bit 
Detailed RTL Component Info : 
+---Registers : 
	                1 Bit    Registers := 1     
Module Mux_2x1 
Detailed RTL Component Info : 
+---Muxes : 
	   2 Input      1 Bit        Muxes := 1     
---------------------------------------------------------------------------------
Finished RTL Hierarchical Component Statistics
---------------------------------------------------------------------------------
---------------------------------------------------------------------------------
Start Part Resource Summary
---------------------------------------------------------------------------------
Part Resources:
DSPs: 240 (col length:80)
BRAMs: 270 (col length: RAMB18 80 RAMB36 40)
---------------------------------------------------------------------------------
Finished Part Resource Summary
---------------------------------------------------------------------------------
---------------------------------------------------------------------------------
Start Cross Boundary and Area Optimization
---------------------------------------------------------------------------------
Warning: Parallel synthesis criteria is not met 
WARNING: [Synth 8-3917] design counterBCDseven has port AN[7] driven by constant 1
WARNING: [Synth 8-3917] design counterBCDseven has port AN[6] driven by constant 1
WARNING: [Synth 8-3917] design counterBCDseven has port AN[5] driven by constant 1
WARNING: [Synth 8-3917] design counterBCDseven has port AN[4] driven by constant 1
WARNING: [Synth 8-3917] design counterBCDseven has port AN[3] driven by constant 1
WARNING: [Synth 8-3917] design counterBCDseven has port AN[2] driven by constant 1
WARNING: [Synth 8-3917] design counterBCDseven has port AN[1] driven by constant 1
WARNING: [Synth 8-3917] design counterBCDseven has port AN[0] driven by constant 0
---------------------------------------------------------------------------------
Finished Cross Boundary and Area Optimization : Time (s): cpu = 00:00:19 ; elapsed = 00:00:21 . Memory (MB): peak = 843.594 ; gain = 332.633
---------------------------------------------------------------------------------

Report RTL Partitions: 
+-+--------------+------------+----------+
| |RTL Partition |Replication |Instances |
+-+--------------+------------+----------+
+-+--------------+------------+----------+
---------------------------------------------------------------------------------
Start Applying XDC Timing Constraints
---------------------------------------------------------------------------------
---------------------------------------------------------------------------------
Finished Applying XDC Timing Constraints : Time (s): cpu = 00:00:31 ; elapsed = 00:00:33 . Memory (MB): peak = 846.117 ; gain = 335.156
---------------------------------------------------------------------------------
---------------------------------------------------------------------------------
Start Timing Optimization
---------------------------------------------------------------------------------
---------------------------------------------------------------------------------
Finished Timing Optimization : Time (s): cpu = 00:00:31 ; elapsed = 00:00:33 . Memory (MB): peak = 846.117 ; gain = 335.156
---------------------------------------------------------------------------------

Report RTL Partitions: 
+-+--------------+------------+----------+
| |RTL Partition |Replication |Instances |
+-+--------------+------------+----------+
+-+--------------+------------+----------+
---------------------------------------------------------------------------------
Start Technology Mapping
---------------------------------------------------------------------------------
---------------------------------------------------------------------------------
Finished Technology Mapping : Time (s): cpu = 00:00:31 ; elapsed = 00:00:33 . Memory (MB): peak = 865.715 ; gain = 354.754
---------------------------------------------------------------------------------

Report RTL Partitions: 
+-+--------------+------------+----------+
| |RTL Partition |Replication |Instances |
+-+--------------+------------+----------+
+-+--------------+------------+----------+
---------------------------------------------------------------------------------
Start IO Insertion
---------------------------------------------------------------------------------
---------------------------------------------------------------------------------
Start Flattening Before IO Insertion
---------------------------------------------------------------------------------
---------------------------------------------------------------------------------
Finished Flattening Before IO Insertion
---------------------------------------------------------------------------------
---------------------------------------------------------------------------------
Start Final Netlist Cleanup
---------------------------------------------------------------------------------
---------------------------------------------------------------------------------
Finished Final Netlist Cleanup
---------------------------------------------------------------------------------
---------------------------------------------------------------------------------
Finished IO Insertion : Time (s): cpu = 00:00:34 ; elapsed = 00:00:37 . Memory (MB): peak = 871.484 ; gain = 360.523
---------------------------------------------------------------------------------

Report Check Netlist: 
+------+------------------+-------+---------+-------+------------------+
|      |Item              |Errors |Warnings |Status |Description       |
+------+------------------+-------+---------+-------+------------------+
|1     |multi_driven_nets |      0|        0|Passed |Multi driven nets |
+------+------------------+-------+---------+-------+------------------+
---------------------------------------------------------------------------------
Start Renaming Generated Instances
---------------------------------------------------------------------------------
---------------------------------------------------------------------------------
Finished Renaming Generated Instances : Time (s): cpu = 00:00:34 ; elapsed = 00:00:37 . Memory (MB): peak = 871.484 ; gain = 360.523
---------------------------------------------------------------------------------

Report RTL Partitions: 
+-+--------------+------------+----------+
| |RTL Partition |Replication |Instances |
+-+--------------+------------+----------+
+-+--------------+------------+----------+
---------------------------------------------------------------------------------
Start Rebuilding User Hierarchy
---------------------------------------------------------------------------------
---------------------------------------------------------------------------------
Finished Rebuilding User Hierarchy : Time (s): cpu = 00:00:34 ; elapsed = 00:00:37 . Memory (MB): peak = 871.484 ; gain = 360.523
---------------------------------------------------------------------------------
---------------------------------------------------------------------------------
Start Renaming Generated Ports
---------------------------------------------------------------------------------
---------------------------------------------------------------------------------
Finished Renaming Generated Ports : Time (s): cpu = 00:00:34 ; elapsed = 00:00:37 . Memory (MB): peak = 871.484 ; gain = 360.523
---------------------------------------------------------------------------------
---------------------------------------------------------------------------------
Start Handling Custom Attributes
---------------------------------------------------------------------------------
---------------------------------------------------------------------------------
Finished Handling Custom Attributes : Time (s): cpu = 00:00:34 ; elapsed = 00:00:37 . Memory (MB): peak = 871.484 ; gain = 360.523
---------------------------------------------------------------------------------
---------------------------------------------------------------------------------
Start Renaming Generated Nets
---------------------------------------------------------------------------------
---------------------------------------------------------------------------------
Finished Renaming Generated Nets : Time (s): cpu = 00:00:34 ; elapsed = 00:00:37 . Memory (MB): peak = 871.484 ; gain = 360.523
---------------------------------------------------------------------------------
---------------------------------------------------------------------------------
Start Writing Synthesis Report
---------------------------------------------------------------------------------

Report BlackBoxes: 
+-+--------------+----------+
| |BlackBox name |Instances |
+-+--------------+----------+
+-+--------------+----------+

Report Cell Usage: 
+------+-----+------+
|      |Cell |Count |
+------+-----+------+
|1     |BUFG |     1|
|2     |LUT1 |     1|
|3     |LUT2 |     1|
|4     |LUT3 |     1|
|5     |LUT4 |     9|
|6     |FDRE |     4|
|7     |IBUF |     1|
|8     |OBUF |    15|
+------+-----+------+

Report Instance Areas: 
+------+-------------------+----------------+------+
|      |Instance           |Module          |Cells |
+------+-------------------+----------------+------+
|1     |top                |                |    33|
|2     |  DIG_D_FF_1bit_i0 |DIG_D_FF_1bit   |     5|
|3     |  DIG_D_FF_1bit_i1 |DIG_D_FF_1bit_0 |     2|
|4     |  DIG_D_FF_1bit_i2 |DIG_D_FF_1bit_1 |     1|
|5     |  DIG_D_FF_1bit_i3 |DIG_D_FF_1bit_2 |     1|
|6     |  bin2seven_i7     |bin2seven       |     7|
+------+-------------------+----------------+------+
---------------------------------------------------------------------------------
Finished Writing Synthesis Report : Time (s): cpu = 00:00:34 ; elapsed = 00:00:37 . Memory (MB): peak = 871.484 ; gain = 360.523
---------------------------------------------------------------------------------
Synthesis finished with 0 errors, 0 critical warnings and 8 warnings.
Synthesis Optimization Runtime : Time (s): cpu = 00:00:23 ; elapsed = 00:00:33 . Memory (MB): peak = 871.484 ; gain = 270.805
Synthesis Optimization Complete : Time (s): cpu = 00:00:34 ; elapsed = 00:00:37 . Memory (MB): peak = 871.484 ; gain = 360.523
INFO: [Project 1-571] Translating synthesized netlist
INFO: [Project 1-570] Preparing netlist for logic optimization
INFO: [Opt 31-138] Pushed 0 inverter(s) to 0 load pin(s).
Netlist sorting complete. Time (s): cpu = 00:00:00 ; elapsed = 00:00:00.001 . Memory (MB): peak = 889.844 ; gain = 0.000
INFO: [Project 1-111] Unisim Transformation Summary:
No Unisim elements were transformed.

INFO: [Common 17-83] Releasing license: Synthesis
22 Infos, 18 Warnings, 1 Critical Warnings and 0 Errors encountered.
synth_design completed successfully
synth_design: Time (s): cpu = 00:00:42 ; elapsed = 00:00:46 . Memory (MB): peak = 889.844 ; gain = 597.766
Netlist sorting complete. Time (s): cpu = 00:00:00 ; elapsed = 00:00:00 . Memory (MB): peak = 889.844 ; gain = 0.000
WARNING: [Constraints 18-5210] No constraints selected for write.
Resolution: This message can indicate that there are no constraints for the design, or it can indicate that the used_in flags are set such that the constraints are ignored. This later case is used when running synth_design to not write synthesis constraints to the resulting checkpoint. Instead, project constraints are read when the synthesized design is opened.
INFO: [Common 17-1381] The checkpoint 'C:/Users/Emir/Desktop/Lab4/project_2/project_2.runs/synth_1/counterBCDseven.dcp' has been generated.
INFO: [runtcl-4] Executing : report_utilization -file counterBCDseven_utilization_synth.rpt -pb counterBCDseven_utilization_synth.pb
INFO: [Common 17-206] Exiting Vivado at Mon Apr 25 17:58:34 2022...
